<html>
<body>
<pre>
<h1>µVision Build Log</h1>
<h2>Tool Versions:</h2>
IDE-Version: ¦ÌVision V5.38.0.0
Copyright (C) 2022 ARM Ltd and ARM Germany GmbH. All rights reserved.
License Information: 1 1017635694@qq.com, 1, LIC=HN0AE-5QND8-56PQ2-9Y4N4-WHZEP-IS8Z7
 
Tool Versions:
Toolchain:       MDK-ARM Plus  Version: 5.38.0.0
Toolchain Path:  D:\ProgramFile\MDK\Core\ARM\ARMCLANG\Bin
C Compiler:      ArmClang.exe V6.19
Assembler:       Armasm.exe V6.19
Linker/Locator:  ArmLink.exe V6.19
Library Manager: ArmAr.exe V6.19
Hex Converter:   FromElf.exe V6.19
CPU DLL:         SARMCM3.DLL V5.38.0.0
Dialog DLL:      DCM.DLL V1.17.5.0
Target DLL:      CMSIS_AGDI.dll V1.33.15.0
Dialog DLL:      TCM.DLL V1.56.4.0
 
<h2>Project:</h2>
E:\wodeRC\RC10_LIB-FrameWork\MDK-ARM\Frame_T.uvprojx
Project File Date:  09/27/2025

<h2>Output:</h2>
*** Using Compiler 'V6.19', folder: 'D:\ProgramFile\MDK\Core\ARM\ARMCLANG\Bin'
Build target 'Frame_T'
compiling dma.c...
compiling stm32h7xx_it.c...
assembling startup_stm32h723xx.s...
compiling gpio.c...
compiling freertos.c...
compiling fdcan.c...
compiling tim.c...
compiling stm32h7xx_hal_msp.c...
compiling usart.c...
compiling stm32h7xx_hal_pcd_ex.c...
compiling stm32h7xx_hal_timebase_tim.c...
compiling stm32h7xx_hal_flash.c...
compiling stm32h7xx_hal_rcc.c...
compiling stm32h7xx_hal_pcd.c...
compiling stm32h7xx_hal_gpio.c...
compiling stm32h7xx_hal_flash_ex.c...
compiling stm32h7xx_hal_tim_ex.c...
compiling main.cpp...
compiling stm32h7xx_hal_pwr.c...
compiling stm32h7xx_hal_rcc_ex.c...
compiling stm32h7xx_hal_hsem.c...
compiling stm32h7xx_hal_dma_ex.c...
compiling stm32h7xx_hal_pwr_ex.c...
compiling stm32h7xx_hal_mdma.c...
compiling stm32h7xx_ll_usb.c...
compiling stm32h7xx_hal_cortex.c...
compiling stm32h7xx_hal_i2c_ex.c...
compiling stm32h7xx_hal.c...
compiling stm32h7xx_hal_dma.c...
compiling stm32h7xx_hal_exti.c...
compiling stm32h7xx_hal_tim.c...
compiling croutine.c...
compiling system_stm32h7xx.c...
compiling stm32h7xx_hal_uart_ex.c...
compiling event_groups.c...
compiling list.c...
compiling stream_buffer.c...
compiling timers.c...
compiling queue.c...
compiling heap_4.c...
compiling port.c...
compiling tasks.c...
compiling stm32h7xx_hal_uart.c...
compiling stm32h7xx_hal_i2c.c...
compiling stm32h7xx_hal_fdcan.c...
compiling cmsis_os2.c...
compiling BSP_TimeStamp.cpp...
compiling BSP_fdCAN_Driver.cpp...
compiling Motor_VESC.cpp...
compiling APP_tool.cpp...
compiling Motor_DJI.cpp...
compiling APP_CoordConvert.cpp...
compiling frame_demo.cpp...
compiling APP_PID.cpp...
compiling Module_Encoder.cpp...
compiling usb_device.c...
compiling Setup_ConfigInit.cpp...
compiling usbd_desc.c...
compiling usbd_cdc_if.c...
compiling Module_Air_joy.cpp...
compiling Module_ChassisBase.cpp...
compiling usbd_conf.c...
compiling usbd_core.c...
compiling usbd_ioreq.c...
compiling usbd_ctlreq.c...
compiling usbd_cdc.c...
linking...
Program Size: Code=71444 RO-data=1744 RW-data=456 ZI-data=29480  
FromELF: creating hex file...
"Frame_T\Frame_T.axf" - 0 Error(s), 0 Warning(s).

<h2>Software Packages used:</h2>

Package Vendor: ARM
                http://www.keil.com/pack/ARM.CMSIS.5.9.0.pack
                ARM.CMSIS.5.9.0
                CMSIS (Common Microcontroller Software Interface Standard)
   * Component: CORE Version: 5.6.0

Package Vendor: Keil
                http://www.keil.com/pack/Keil.STM32H7xx_DFP.3.0.0.pack
                Keil.STM32H7xx_DFP.3.0.0
                STMicroelectronics STM32H7 Series Device Support and Examples

<h2>Collection of Component include folders:</h2>
  ./RTE/_Frame_T
  D:/ProgramFile/MDK/Pakcs/ARM/CMSIS/5.9.0/CMSIS/Core/Include
  D:/ProgramFile/MDK/Pakcs/Keil/STM32H7xx_DFP/3.0.0/Drivers/CMSIS/Device/ST/STM32H7xx/Include

<h2>Collection of Component Files used:</h2>

   * Component: ARM::CMSIS:CORE:5.6.0
      Include file:  CMSIS/Core/Include/tz_context.h
Build Time Elapsed:  00:00:04
</pre>
</body>
</html>
