Component: Arm Compiler for Embedded 6.19 Tool: armlink [5e73cb00]

==============================================================================

Section Cross References

    startup_stm32h723xx.o(STACK) refers (Special) to heapauxi.o(.text) for __use_two_region_memory
    startup_stm32h723xx.o(HEAP) refers (Special) to heapauxi.o(.text) for __use_two_region_memory
    startup_stm32h723xx.o(RESET) refers (Special) to heapauxi.o(.text) for __use_two_region_memory
    startup_stm32h723xx.o(RESET) refers to startup_stm32h723xx.o(STACK) for __initial_sp
    startup_stm32h723xx.o(RESET) refers to startup_stm32h723xx.o(.text) for Reset_Handler
    startup_stm32h723xx.o(RESET) refers to stm32h7xx_it.o(.text.NMI_Handler) for NMI_Handler
    startup_stm32h723xx.o(RESET) refers to stm32h7xx_it.o(.text.HardFault_Handler) for HardFault_Handler
    startup_stm32h723xx.o(RESET) refers to stm32h7xx_it.o(.text.MemManage_Handler) for MemManage_Handler
    startup_stm32h723xx.o(RESET) refers to stm32h7xx_it.o(.text.BusFault_Handler) for BusFault_Handler
    startup_stm32h723xx.o(RESET) refers to stm32h7xx_it.o(.text.UsageFault_Handler) for UsageFault_Handler
    startup_stm32h723xx.o(RESET) refers to port.o(.text.SVC_Handler) for SVC_Handler
    startup_stm32h723xx.o(RESET) refers to stm32h7xx_it.o(.text.DebugMon_Handler) for DebugMon_Handler
    startup_stm32h723xx.o(RESET) refers to port.o(.text.PendSV_Handler) for PendSV_Handler
    startup_stm32h723xx.o(RESET) refers to cmsis_os2.o(.text.SysTick_Handler) for SysTick_Handler
    startup_stm32h723xx.o(RESET) refers to stm32h7xx_it.o(.text.DMA1_Stream0_IRQHandler) for DMA1_Stream0_IRQHandler
    startup_stm32h723xx.o(RESET) refers to stm32h7xx_it.o(.text.FDCAN1_IT0_IRQHandler) for FDCAN1_IT0_IRQHandler
    startup_stm32h723xx.o(RESET) refers to stm32h7xx_it.o(.text.FDCAN2_IT0_IRQHandler) for FDCAN2_IT0_IRQHandler
    startup_stm32h723xx.o(RESET) refers to stm32h7xx_it.o(.text.EXTI9_5_IRQHandler) for EXTI9_5_IRQHandler
    startup_stm32h723xx.o(RESET) refers to stm32h7xx_it.o(.text.TIM4_IRQHandler) for TIM4_IRQHandler
    startup_stm32h723xx.o(RESET) refers to stm32h7xx_it.o(.text.USART1_IRQHandler) for USART1_IRQHandler
    startup_stm32h723xx.o(RESET) refers to stm32h7xx_it.o(.text.TIM8_UP_TIM13_IRQHandler) for TIM8_UP_TIM13_IRQHandler
    startup_stm32h723xx.o(RESET) refers to stm32h7xx_it.o(.text.TIM8_TRG_COM_TIM14_IRQHandler) for TIM8_TRG_COM_TIM14_IRQHandler
    startup_stm32h723xx.o(RESET) refers to stm32h7xx_it.o(.text.TIM6_DAC_IRQHandler) for TIM6_DAC_IRQHandler
    startup_stm32h723xx.o(RESET) refers to stm32h7xx_it.o(.text.OTG_HS_IRQHandler) for OTG_HS_IRQHandler
    startup_stm32h723xx.o(RESET) refers to stm32h7xx_it.o(.text.FDCAN3_IT0_IRQHandler) for FDCAN3_IT0_IRQHandler
    startup_stm32h723xx.o(.text) refers (Special) to heapauxi.o(.text) for __use_two_region_memory
    startup_stm32h723xx.o(.text) refers to system_stm32h7xx.o(.text.ExitRun0Mode) for ExitRun0Mode
    startup_stm32h723xx.o(.text) refers to system_stm32h7xx.o(.text.SystemInit) for SystemInit
    startup_stm32h723xx.o(.text) refers to __main.o(!!!main) for __main
    startup_stm32h723xx.o(.text) refers to startup_stm32h723xx.o(HEAP) for Heap_Mem
    startup_stm32h723xx.o(.text) refers to startup_stm32h723xx.o(STACK) for Stack_Mem
    main.o(.text.main) refers to stm32h7xx_hal_cortex.o(.text.HAL_MPU_Disable) for HAL_MPU_Disable
    main.o(.text.main) refers to stm32h7xx_hal_cortex.o(.text.HAL_MPU_ConfigRegion) for HAL_MPU_ConfigRegion
    main.o(.text.main) refers to stm32h7xx_hal_cortex.o(.text.HAL_MPU_Enable) for HAL_MPU_Enable
    main.o(.text.main) refers to stm32h7xx_hal.o(.text.HAL_Init) for HAL_Init
    main.o(.text.main) refers to main.o(.text._Z18SystemClock_Configv) for SystemClock_Config()
    main.o(.text.main) refers to gpio.o(.text.MX_GPIO_Init) for MX_GPIO_Init
    main.o(.text.main) refers to dma.o(.text.MX_DMA_Init) for MX_DMA_Init
    main.o(.text.main) refers to fdcan.o(.text.MX_FDCAN1_Init) for MX_FDCAN1_Init
    main.o(.text.main) refers to fdcan.o(.text.MX_FDCAN2_Init) for MX_FDCAN2_Init
    main.o(.text.main) refers to fdcan.o(.text.MX_FDCAN3_Init) for MX_FDCAN3_Init
    main.o(.text.main) refers to usart.o(.text.MX_USART1_UART_Init) for MX_USART1_UART_Init
    main.o(.text.main) refers to tim.o(.text.MX_TIM6_Init) for MX_TIM6_Init
    main.o(.text.main) refers to tim.o(.text.MX_TIM4_Init) for MX_TIM4_Init
    main.o(.text.main) refers to tim.o(.text.MX_TIM14_Init) for MX_TIM14_Init
    main.o(.text.main) refers to tim.o(.bss.htim6) for htim6
    main.o(.text.main) refers to stm32h7xx_hal_tim.o(.text.HAL_TIM_Base_Start_IT) for HAL_TIM_Base_Start_IT
    main.o(.text.main) refers to setup_configinit.o(.text.ALL_Setup_ConfigInit) for ALL_Setup_ConfigInit
    main.o(.text.main) refers to cmsis_os2.o(.text.osKernelInitialize) for osKernelInitialize
    main.o(.text.main) refers to freertos.o(.text.MX_FREERTOS_Init) for MX_FREERTOS_Init
[...]
    0x080006f4   0x080006f4   0x00000024   Code   RO         3362    .text               c_w.l(init_aeabi.o)
    0x08000718   0x08000718   0x0000005e   Code   RO         3437    .text               c_w.l(h1_alloc.o)
    0x08000776   0x08000776   0x0000004e   Code   RO         3439    .text               c_w.l(h1_free.o)
    0x080007c4   0x080007c4   0x00000016   Code   RO         3499    .text               c_w.l(_rserrno.o)
    0x080007da   0x080007da   0x0000004e   Code   RO         3503    .text               c_w.l(_printf_pad.o)
    0x08000828   0x08000828   0x00000024   Code   RO         3505    .text               c_w.l(_printf_truncate.o)
    0x0800084c   0x0800084c   0x00000052   Code   RO         3507    .text               c_w.l(_printf_str.o)
    0x0800089e   0x0800089e   0x00000002   PAD
    0x080008a0   0x080008a0   0x00000078   Code   RO         3509    .text               c_w.l(_printf_dec.o)
    0x08000918   0x08000918   0x00000028   Code   RO         3511    .text               c_w.l(_printf_charcount.o)
    0x08000940   0x08000940   0x00000030   Code   RO         3513    .text               c_w.l(_printf_char_common.o)
    0x08000970   0x08000970   0x00000010   Code   RO         3515    .text               c_w.l(_snputc.o)
    0x08000980   0x08000980   0x000000bc   Code   RO         3517    .text               c_w.l(_printf_wctomb.o)
    0x08000a3c   0x08000a3c   0x0000007c   Code   RO         3520    .text               c_w.l(_printf_longlong_dec.o)
    0x08000ab8   0x08000ab8   0x00000070   Code   RO         3526    .text               c_w.l(_printf_oct_int_ll.o)
    0x08000b28   0x08000b28   0x00000094   Code   RO         3546    .text               c_w.l(_printf_hex_int_ll_ptr.o)
    0x08000bbc   0x08000bbc   0x00000188   Code   RO         3566    .text               c_w.l(__printf_flags_ss_wp.o)
    0x08000d44   0x08000d44   0x00000016   Code   RO         3592    .text               c_w.l(abort.o)
    0x08000d5a   0x08000d5a   0x0000002e   Code   RO         3597    .text               c_w.l(aeabi_atexit.o)
    0x08000d88   0x08000d88   0x00000064   Code   RO         3600    .text               c_w.l(rt_memcpy_w.o)
    0x08000dec   0x08000dec   0x0000000c   Code   RO         3702    .text               c_w.l(sys_exit.o)
    0x08000df8   0x08000df8   0x00000008   Code   RO         3728    .text               c_w.l(rt_heap_descriptor_intlibspace.o)
    0x08000e00   0x08000e00   0x00000008   Code   RO         3733    .text               c_w.l(rt_ddtor_pointer_addr_intlibspace.o)
    0x08000e08   0x08000e08   0x00000008   Code   RO         3738    .text               c_w.l(rt_errno_addr_intlibspace.o)
    0x08000e10   0x08000e10   0x00000004   Code   RO         3740    .text               c_w.l(hguard.o)
    0x08000e14   0x08000e14   0x0000008a   Code   RO         3742    .text               c_w.l(init_alloc.o)
    0x08000e9e   0x08000e9e   0x0000000e   Code   RO         3746    .text               c_w.l(h1_init.o)
    0x08000eac   0x08000eac   0x0000008a   Code   RO         3758    .text               c_w.l(lludiv10.o)
    0x08000f36   0x08000f36   0x000000b2   Code   RO         3760    .text               c_w.l(_printf_intcommon.o)
    0x08000fe8   0x08000fe8   0x0000041c   Code   RO         3762    .text               c_w.l(_printf_fp_dec.o)
    0x08001404   0x08001404   0x000002fc   Code   RO         3766    .text               c_w.l(_printf_fp_hex.o)
    0x08001700   0x08001700   0x0000002c   Code   RO         3771    .text               c_w.l(_printf_char.o)
    0x0800172c   0x0800172c   0x0000002c   Code   RO         3773    .text               c_w.l(_printf_wchar.o)
    0x08001758   0x08001758   0x00000048   Code   RO         3776    .text               c_w.l(_c16rtomb.o)
    0x080017a0   0x080017a0   0x00000042   Code   RO         3778    .text               c_w.l(cxa_finalize.o)
    0x080017e2   0x080017e2   0x0000000e   Code   RO         3781    .text               c_w.l(defsig_abrt_outer.o)
    0x080017f0   0x080017f0   0x00000008   Code   RO         3806    .text               c_w.l(libspace.o)
    0x080017f8   0x080017f8   0x00000002   Code   RO         3809    .text               c_w.l(use_no_semi.o)
    0x080017fa   0x080017fa   0x00000000   Code   RO         3811    .text               c_w.l(indicate_semi.o)
    0x080017fa   0x080017fa   0x0000004a   Code   RO         3812    .text               c_w.l(sys_stackheap_outer.o)
    0x08001844   0x08001844   0x00000010   Code   RO         3814    .text               c_w.l(rt_ctype_table.o)
    0x08001854   0x08001854   0x00000008   Code   RO         3821    .text               c_w.l(rt_locale_intlibspace.o)
    0x0800185c   0x0800185c   0x00000000   Code   RO         3825    .text               c_w.l(maybetermalloc1.o)
    0x0800185c   0x0800185c   0x00000034   Code   RO         3827    .text               c_w.l(h1_extend.o)
    0x08001890   0x08001890   0x00000080   Code   RO         3831    .text               c_w.l(_printf_fp_infnan.o)
    0x08001910   0x08001910   0x000000e4   Code   RO         3833    .text               c_w.l(bigflt0.o)
    0x080019f4   0x080019f4   0x00000012   Code   RO         3863    .text               c_w.l(exit.o)
    0x08001a06   0x08001a06   0x0000000a   Code   RO         3865    .text               c_w.l(defsig_exit.o)
    0x08001a10   0x08001a10   0x00000030   Code   RO         3867    .text               c_w.l(defsig_abrt_inner.o)
    0x08001a40   0x08001a40   0x0000000e   Code   RO         3873    .text               c_w.l(defsig_rtmem_outer.o)
    0x08001a4e   0x08001a4e   0x00000032   Code   RO         3921    .text               c_w.l(defsig_general.o)
    0x08001a80   0x08001a80   0x00000050   Code   RO         3925    .text               c_w.l(defsig_rtmem_inner.o)
    0x08001ad0   0x08001ad0   0x0000007c   Code   RO         3927    .text               c_w.l(strcmpv7m_pel.o)
    0x08001b4c   0x08001b4c   0x0000000e   Code   RO         3929    .text               c_w.l(sys_wrch.o)
    0x08001b5a   0x08001b5a   0x00000006   PAD
    0x08001b60   0x08001b60   0x00000022   Code   RO         2818    .text.ALL_Setup_ConfigInit  setup_configinit.o
    0x08001b82   0x08001b82   0x00000006   PAD
    0x08001b88   0x08001b88   0x00000002   Code   RO          126    .text.BusFault_Handler  stm32h7xx_it.o
    0x08001b8a   0x08001b8a   0x00000006   PAD
    0x08001b90   0x08001b90   0x00000004   Code   RO         2976    .text.CDC_Control_HS  usbd_cdc_if.o
    0x08001b94   0x08001b94   0x00000004   PAD
    0x08001b98   0x08001b98   0x00000004   Code   RO         2974    .text.CDC_DeInit_HS  usbd_cdc_if.o
    0x08001b9c   0x08001b9c   0x00000004   PAD
    0x08001ba0   0x08001ba0   0x0000002c   Code   RO         2972    .text.CDC_Init_HS   usbd_cdc_if.o
    0x08001bcc   0x08001bcc   0x00000004   PAD
    0x08001bd0   0x08001bd0   0x0000001c   Code   RO         2978    .text.CDC_Receive_HS  usbd_cdc_if.o
    0x08001bec   0x08001bec   0x00000004   PAD
    0x08001bf0   0x08001bf0   0x00000004   Code   RO         2980    .text.CDC_TransmitCplt_HS  usbd_cdc_if.o
    0x08001bf4   0x08001bf4   0x00000004   PAD
    0x08001bf8   0x08001bf8   0x0000000c   Code   RO          132    .text.DMA1_Stream0_IRQHandler  stm32h7xx_it.o
    0x08001c04   0x08001c04   0x00000004   PAD
    0x08001c08   0x08001c08   0x00000128   Code   RO          939    .text.DMA_CalcBaseAndBitshift  stm32h7xx_hal_dma.o
    0x08001d30   0x08001d30   0x00000312   Code   RO          945    .text.DMA_SetConfig  stm32h7xx_hal_dma.o
    0x08002042   0x08002042   0x00000006   PAD
    0x08002048   0x08002048   0x00000002   Code   RO          130    .text.DebugMon_Handler  stm32h7xx_it.o
    0x0800204a   0x0800204a   0x00000006   PAD
    0x08002050   0x08002050   0x00000008   Code   RO          138    .text.EXTI9_5_IRQHandler  stm32h7xx_it.o
    0x08002058   0x08002058   0x00000006   Code   RO           15    .text.Error_Handler  main.o
    0x0800205e   0x0800205e   0x00000002   PAD
    0x08002060   0x08002060   0x0000002c   Code   RO         1937    .text.ExitRun0Mode  system_stm32h7xx.o
    0x0800208c   0x0800208c   0x00000004   PAD
    0x08002090   0x08002090   0x0000000c   Code   RO          134    .text.FDCAN1_IT0_IRQHandler  stm32h7xx_it.o
    0x0800209c   0x0800209c   0x00000004   PAD
    0x080020a0   0x080020a0   0x0000000c   Code   RO          136    .text.FDCAN2_IT0_IRQHandler  stm32h7xx_it.o
    0x080020ac   0x080020ac   0x00000004   PAD
    0x080020b0   0x080020b0   0x0000000c   Code   RO          152    .text.FDCAN3_IT0_IRQHandler  stm32h7xx_it.o
    0x080020bc   0x080020bc   0x00000004   PAD
    0x080020c0   0x080020c0   0x0000052e   Code   RO          949    .text.HAL_DMA_Abort  stm32h7xx_hal_dma.o
    0x080025ee   0x080025ee   0x00000002   PAD
    0x080025f0   0x080025f0   0x000002ba   Code   RO          951    .text.HAL_DMA_Abort_IT  stm32h7xx_hal_dma.o
    0x080028aa   0x080028aa   0x00000006   PAD
    0x080028b0   0x080028b0   0x00000830   Code   RO          955    .text.HAL_DMA_IRQHandler  stm32h7xx_hal_dma.o
    0x080030e0   0x080030e0   0x0000065c   Code   RO          937    .text.HAL_DMA_Init  stm32h7xx_hal_dma.o
    0x0800373c   0x0800373c   0x00000004   PAD
    0x08003740   0x08003740   0x000003a2   Code   RO          947    .text.HAL_DMA_Start_IT  stm32h7xx_hal_dma.o
    0x08003ae2   0x08003ae2   0x00000006   PAD
    0x08003ae8   0x08003ae8   0x00000028   Code   RO         1243    .text.HAL_Delay     stm32h7xx_hal.o
    0x08003b10   0x08003b10   0x0000008c   Code   RO         1689    .text.HAL_FDCAN_ActivateNotification  stm32h7xx_hal_fdcan.o
    0x08003b9c   0x08003b9c   0x00000004   PAD
    0x08003ba0   0x08003ba0   0x000000ee   Code   RO         1611    .text.HAL_FDCAN_AddMessageToTxFifoQ  stm32h7xx_hal_fdcan.o
    0x08003c8e   0x08003c8e   0x00000002   PAD
    0x08003c90   0x08003c90   0x00000002   Code   RO         1703    .text.HAL_FDCAN_ClockCalibrationCallback  stm32h7xx_hal_fdcan.o
    0x08003c92   0x08003c92   0x00000006   PAD
    0x08003c98   0x08003c98   0x0000008c   Code   RO         1563    .text.HAL_FDCAN_ConfigFilter  stm32h7xx_hal_fdcan.o
    0x08003d24   0x08003d24   0x00000004   PAD
    0x08003d28   0x08003d28   0x00000002   Code   RO         1731    .text.HAL_FDCAN_ErrorCallback  stm32h7xx_hal_fdcan.o
    0x08003d2a   0x08003d2a   0x00000006   PAD
    0x08003d30   0x08003d30   0x00000002   Code   RO         1721    .text.HAL_FDCAN_ErrorStatusCallback  stm32h7xx_hal_fdcan.o
    0x08003d32   0x08003d32   0x00000006   PAD
    0x08003d38   0x08003d38   0x000001e6   Code   RO         1621    .text.HAL_FDCAN_GetRxMessage  stm32h7xx_hal_fdcan.o
    0x08003f1e   0x08003f1e   0x00000002   PAD
    0x08003f20   0x08003f20   0x00000002   Code   RO         1699    .text.HAL_FDCAN_HighPriorityMessageCallback  stm32h7xx_hal_fdcan.o
    0x08003f22   0x08003f22   0x00000006   PAD
    0x08003f28   0x08003f28   0x00000316   Code   RO         1697    .text.HAL_FDCAN_IRQHandler  stm32h7xx_hal_fdcan.o
    0x0800423e   0x0800423e   0x00000002   PAD
    0x08004240   0x08004240   0x00000400   Code   RO         1541    .text.HAL_FDCAN_Init  stm32h7xx_hal_fdcan.o
    0x08004640   0x08004640   0x000001ec   Code   RO           65    .text.HAL_FDCAN_MspInit  fdcan.o
    0x0800482c   0x0800482c   0x00000004   PAD
    0x08004830   0x08004830   0x00000002   Code   RO         1715    .text.HAL_FDCAN_RxBufferNewMessageCallback  stm32h7xx_hal_fdcan.o
    0x08004832   0x08004832   0x00000006   PAD
    0x08004838   0x08004838   0x0000000a   Code   RO         2547    .text.HAL_FDCAN_RxFifo0Callback  bsp_fdcan_driver.o
    0x08004842   0x08004842   0x00000006   PAD
    0x08004848   0x08004848   0x00000002   Code   RO         1709    .text.HAL_FDCAN_RxFifo1Callback  stm32h7xx_hal_fdcan.o
    0x0800484a   0x0800484a   0x00000006   PAD
    0x08004850   0x08004850   0x00000034   Code   RO         1609    .text.HAL_FDCAN_Start  stm32h7xx_hal_fdcan.o
    0x08004884   0x08004884   0x00000004   PAD
    0x08004888   0x08004888   0x00000002   Code   RO         1729    .text.HAL_FDCAN_TT_GlobalTimeCallback  stm32h7xx_hal_fdcan.o
    0x0800488a   0x0800488a   0x00000006   PAD
    0x08004890   0x08004890   0x00000002   Code   RO         1723    .text.HAL_FDCAN_TT_ScheduleSyncCallback  stm32h7xx_hal_fdcan.o
    0x08004892   0x08004892   0x00000006   PAD
    0x08004898   0x08004898   0x00000002   Code   RO         1727    .text.HAL_FDCAN_TT_StopWatchCallback  stm32h7xx_hal_fdcan.o
    0x0800489a   0x0800489a   0x00000006   PAD
    0x080048a0   0x080048a0   0x00000002   Code   RO         1725    .text.HAL_FDCAN_TT_TimeMarkCallback  stm32h7xx_hal_fdcan.o
    0x080048a2   0x080048a2   0x00000006   PAD
    0x080048a8   0x080048a8   0x00000002   Code   RO         1719    .text.HAL_FDCAN_TimeoutOccurredCallback  stm32h7xx_hal_fdcan.o
    0x080048aa   0x080048aa   0x00000006   PAD
    0x080048b0   0x080048b0   0x00000002   Code   RO         1717    .text.HAL_FDCAN_TimestampWraparoundCallback  stm32h7xx_hal_fdcan.o
    0x080048b2   0x080048b2   0x00000006   PAD
    0x080048b8   0x080048b8   0x00000002   Code   RO         1701    .text.HAL_FDCAN_TxBufferAbortCallback  stm32h7xx_hal_fdcan.o
    0x080048ba   0x080048ba   0x00000006   PAD
    0x080048c0   0x080048c0   0x00000002   Code   RO         1713    .text.HAL_FDCAN_TxBufferCompleteCallback  stm32h7xx_hal_fdcan.o
    0x080048c2   0x080048c2   0x00000006   PAD
    0x080048c8   0x080048c8   0x00000002   Code   RO         1705    .text.HAL_FDCAN_TxEventFifoCallback  stm32h7xx_hal_fdcan.o
    0x080048ca   0x080048ca   0x00000006   PAD
    0x080048d0   0x080048d0   0x00000002   Code   RO         1711    .text.HAL_FDCAN_TxFifoEmptyCallback  stm32h7xx_hal_fdcan.o
    0x080048d2   0x080048d2   0x00000006   PAD
    0x080048d8   0x080048d8   0x00000016   Code   RO         2920    .text.HAL_GPIO_EXTI_Callback  module_air_joy.o
    0x080048ee   0x080048ee   0x00000002   PAD
    0x080048f0   0x080048f0   0x00000014   Code   RO          895    .text.HAL_GPIO_EXTI_IRQHandler  stm32h7xx_hal_gpio.o
    0x08004904   0x08004904   0x00000004   PAD
    0x08004908   0x08004908   0x000001aa   Code   RO          883    .text.HAL_GPIO_Init  stm32h7xx_hal_gpio.o
    0x08004ab2   0x08004ab2   0x00000006   PAD
    0x08004ab8   0x08004ab8   0x0000000c   Code   RO         1235    .text.HAL_GetTick   stm32h7xx_hal.o
    0x08004ac4   0x08004ac4   0x00000004   PAD
    0x08004ac8   0x08004ac8   0x0000001a   Code   RO         1233    .text.HAL_IncTick   stm32h7xx_hal.o
    0x08004ae2   0x08004ae2   0x00000006   PAD
    0x08004ae8   0x08004ae8   0x00000064   Code   RO         1223    .text.HAL_Init      stm32h7xx_hal.o
    0x08004b4c   0x08004b4c   0x00000004   PAD
    0x08004b50   0x08004b50   0x0000009c   Code   RO          170    .text.HAL_InitTick  stm32h7xx_hal_timebase_tim.o
    0x08004bec   0x08004bec   0x00000004   PAD
    0x08004bf0   0x08004bf0   0x0000005e   Code   RO         1193    .text.HAL_MPU_ConfigRegion  stm32h7xx_hal_cortex.o
    0x08004c4e   0x08004c4e   0x00000002   PAD
    0x08004c50   0x08004c50   0x0000001a   Code   RO         1185    .text.HAL_MPU_Disable  stm32h7xx_hal_cortex.o
    0x08004c6a   0x08004c6a   0x00000006   PAD
    0x08004c70   0x08004c70   0x00000020   Code   RO         1187    .text.HAL_MPU_Enable  stm32h7xx_hal_cortex.o
    0x08004c90   0x08004c90   0x0000002a   Code   RO          161    .text.HAL_MspInit   stm32h7xx_hal_msp.o
    0x08004cba   0x08004cba   0x00000006   PAD
    0x08004cc0   0x08004cc0   0x00000022   Code   RO         1175    .text.HAL_NVIC_EnableIRQ  stm32h7xx_hal_cortex.o
    0x08004ce2   0x08004ce2   0x00000006   PAD
    0x08004ce8   0x08004ce8   0x0000005a   Code   RO         1173    .text.HAL_NVIC_SetPriority  stm32h7xx_hal_cortex.o
    0x08004d42   0x08004d42   0x00000006   PAD
    0x08004d48   0x08004d48   0x00000020   Code   RO         1171    .text.HAL_NVIC_SetPriorityGrouping  stm32h7xx_hal_cortex.o
    0x08004d68   0x08004d68   0x00000026   Code   RO          596    .text.HAL_PCDEx_ActivateLPM  stm32h7xx_hal_pcd_ex.o
    0x08004d8e   0x08004d8e   0x00000002   PAD
    0x08004d90   0x08004d90   0x00000002   Code   RO          608    .text.HAL_PCDEx_LPM_Callback  stm32h7xx_hal_pcd_ex.o
    0x08004d92   0x08004d92   0x00000006   PAD
    0x08004d98   0x08004d98   0x00000008   Code   RO          594    .text.HAL_PCDEx_SetRxFiFo  stm32h7xx_hal_pcd_ex.o
    0x08004da0   0x08004da0   0x0000011e   Code   RO          592    .text.HAL_PCDEx_SetTxFiFo  stm32h7xx_hal_pcd_ex.o
    0x08004ebe   0x08004ebe   0x00000002   PAD
    0x08004ec0   0x08004ec0   0x00000008   Code   RO         3017    .text.HAL_PCD_ConnectCallback  usbd_conf.o
    0x08004ec8   0x08004ec8   0x00000012   Code   RO         3003    .text.HAL_PCD_DataInStageCallback  usbd_conf.o
    0x08004eda   0x08004eda   0x00000006   PAD
    0x08004ee0   0x08004ee0   0x00000014   Code   RO         3001    .text.HAL_PCD_DataOutStageCallback  usbd_conf.o
    0x08004ef4   0x08004ef4   0x00000004   PAD
    0x08004ef8   0x08004ef8   0x00000008   Code   RO         3019    .text.HAL_PCD_DisconnectCallback  usbd_conf.o
    0x08004f00   0x08004f00   0x00000056   Code   RO          562    .text.HAL_PCD_EP_Close  stm32h7xx_hal_pcd.o
    0x08004f56   0x08004f56   0x00000002   PAD
    0x08004f58   0x08004f58   0x00000068   Code   RO          572    .text.HAL_PCD_EP_ClrStall  stm32h7xx_hal_pcd.o
    0x08004fc0   0x08004fc0   0x00000012   Code   RO          566    .text.HAL_PCD_EP_GetRxCount  stm32h7xx_hal_pcd.o
    0x08004fd2   0x08004fd2   0x00000006   PAD
    0x08004fd8   0x08004fd8   0x0000006c   Code   RO          560    .text.HAL_PCD_EP_Open  stm32h7xx_hal_pcd.o
    0x08005044   0x08005044   0x00000004   PAD
    0x08005048   0x08005048   0x0000003a   Code   RO          564    .text.HAL_PCD_EP_Receive  stm32h7xx_hal_pcd.o
    0x08005082   0x08005082   0x00000006   PAD
    0x08005088   0x08005088   0x0000007c   Code   RO          570    .text.HAL_PCD_EP_SetStall  stm32h7xx_hal_pcd.o
    0x08005104   0x08005104   0x00000004   PAD
    0x08005108   0x08005108   0x0000003e   Code   RO          568    .text.HAL_PCD_EP_Transmit  stm32h7xx_hal_pcd.o
    0x08005146   0x08005146   0x00000002   PAD
    0x08005148   0x08005148   0x000009da   Code   RO          528    .text.HAL_PCD_IRQHandler  stm32h7xx_hal_pcd.o
    0x08005b22   0x08005b22   0x00000006   PAD
    0x08005b28   0x08005b28   0x00000008   Code   RO         3015    .text.HAL_PCD_ISOINIncompleteCallback  usbd_conf.o
    0x08005b30   0x08005b30   0x00000008   Code   RO         3013    .text.HAL_PCD_ISOOUTIncompleteCallback  usbd_conf.o
    0x08005b38   0x08005b38   0x00000282   Code   RO          516    .text.HAL_PCD_Init  stm32h7xx_hal_pcd.o
    0x08005dba   0x08005dba   0x00000006   PAD
    0x08005dc0   0x08005dc0   0x00000072   Code   RO         2995    .text.HAL_PCD_MspInit  usbd_conf.o
    0x08005e32   0x08005e32   0x00000006   PAD
    0x08005e38   0x08005e38   0x0000002e   Code   RO         3007    .text.HAL_PCD_ResetCallback  usbd_conf.o
    0x08005e66   0x08005e66   0x00000002   PAD
    0x08005e68   0x08005e68   0x00000008   Code   RO         3011    .text.HAL_PCD_ResumeCallback  usbd_conf.o
    0x08005e70   0x08005e70   0x00000008   Code   RO         3005    .text.HAL_PCD_SOFCallback  usbd_conf.o
    0x08005e78   0x08005e78   0x00000026   Code   RO          558    .text.HAL_PCD_SetAddress  stm32h7xx_hal_pcd.o
    0x08005e9e   0x08005e9e   0x00000002   PAD
    0x08005ea0   0x08005ea0   0x0000000e   Code   RO         2999    .text.HAL_PCD_SetupStageCallback  usbd_conf.o
    0x08005eae   0x08005eae   0x00000002   PAD
    0x08005eb0   0x08005eb0   0x0000003e   Code   RO          524    .text.HAL_PCD_Start  stm32h7xx_hal_pcd.o
    0x08005eee   0x08005eee   0x00000002   PAD
    0x08005ef0   0x08005ef0   0x00000034   Code   RO         3009    .text.HAL_PCD_SuspendCallback  usbd_conf.o
    0x08005f24   0x08005f24   0x00000004   PAD
    0x08005f28   0x08005f28   0x0000004c   Code   RO         1087    .text.HAL_PWREx_ConfigSupply  stm32h7xx_hal_pwr_ex.o
    0x08005f74   0x08005f74   0x00000004   PAD
    0x08005f78   0x08005f78   0x00000012   Code   RO         1137    .text.HAL_PWREx_EnableUSBVoltageDetector  stm32h7xx_hal_pwr_ex.o
    0x08005f8a   0x08005f8a   0x00000006   PAD
    0x08005f90   0x08005f90   0x00000026   Code   RO          774    .text.HAL_RCCEx_GetD3PCLK1Freq  stm32h7xx_hal_rcc_ex.o
    0x08005fb6   0x08005fb6   0x00000002   PAD
    0x08005fb8   0x08005fb8   0x0000012c   Code   RO          770    .text.HAL_RCCEx_GetPLL2ClockFreq  stm32h7xx_hal_rcc_ex.o
    0x080060e4   0x080060e4   0x00000004   PAD
    0x080060e8   0x080060e8   0x0000012c   Code   RO          772    .text.HAL_RCCEx_GetPLL3ClockFreq  stm32h7xx_hal_rcc_ex.o
    0x08006214   0x08006214   0x00000004   PAD
    0x08006218   0x08006218   0x00000aa8   Code   RO          758    .text.HAL_RCCEx_PeriphCLKConfig  stm32h7xx_hal_rcc_ex.o
    0x08006cc0   0x08006cc0   0x00000268   Code   RO          726    .text.HAL_RCC_ClockConfig  stm32h7xx_hal_rcc.o
    0x08006f28   0x08006f28   0x00000058   Code   RO          744    .text.HAL_RCC_GetClockConfig  stm32h7xx_hal_rcc.o
    0x08006f80   0x08006f80   0x0000004c   Code   RO          736    .text.HAL_RCC_GetHCLKFreq  stm32h7xx_hal_rcc.o
    0x08006fcc   0x08006fcc   0x00000004   PAD
    0x08006fd0   0x08006fd0   0x00000060   Code   RO          738    .text.HAL_RCC_GetPCLK1Freq  stm32h7xx_hal_rcc.o
    0x08007030   0x08007030   0x00000060   Code   RO          740    .text.HAL_RCC_GetPCLK2Freq  stm32h7xx_hal_rcc.o
    0x08007090   0x08007090   0x00000118   Code   RO          728    .text.HAL_RCC_GetSysClockFreq  stm32h7xx_hal_rcc.o
    0x080071a8   0x080071a8   0x00000518   Code   RO          724    .text.HAL_RCC_OscConfig  stm32h7xx_hal_rcc.o
    0x080076c0   0x080076c0   0x00000002   Code   RO          502    .text.HAL_TIMEx_Break2Callback  stm32h7xx_hal_tim_ex.o
    0x080076c2   0x080076c2   0x00000006   PAD
    0x080076c8   0x080076c8   0x00000002   Code   RO          500    .text.HAL_TIMEx_BreakCallback  stm32h7xx_hal_tim_ex.o
    0x080076ca   0x080076ca   0x00000006   PAD
    0x080076d0   0x080076d0   0x00000002   Code   RO          496    .text.HAL_TIMEx_CommutCallback  stm32h7xx_hal_tim_ex.o
    0x080076d2   0x080076d2   0x00000006   PAD
    0x080076d8   0x080076d8   0x000000da   Code   RO          480    .text.HAL_TIMEx_MasterConfigSynchronization  stm32h7xx_hal_tim_ex.o
    0x080077b2   0x080077b2   0x00000006   PAD
    0x080077b8   0x080077b8   0x00000060   Code   RO          185    .text.HAL_TIM_Base_Init  stm32h7xx_hal_tim.o
    0x08007818   0x08007818   0x000000ac   Code   RO           89    .text.HAL_TIM_Base_MspInit  tim.o
    0x080078c4   0x080078c4   0x00000004   PAD
    0x080078c8   0x080078c8   0x000000dc   Code   RO          199    .text.HAL_TIM_Base_Start_IT  stm32h7xx_hal_tim.o
    0x080079a4   0x080079a4   0x00000004   PAD
    0x080079a8   0x080079a8   0x000001fc   Code   RO          365    .text.HAL_TIM_ConfigClockSource  stm32h7xx_hal_tim.o
    0x08007ba4   0x08007ba4   0x00000004   PAD
    0x08007ba8   0x08007ba8   0x00000002   Code   RO          321    .text.HAL_TIM_IC_CaptureCallback  stm32h7xx_hal_tim.o
    0x08007baa   0x08007baa   0x00000006   PAD
    0x08007bb0   0x08007bb0   0x0000016c   Code   RO          319    .text.HAL_TIM_IRQHandler  stm32h7xx_hal_tim.o
    0x08007d1c   0x08007d1c   0x00000004   PAD
    0x08007d20   0x08007d20   0x00000002   Code   RO          323    .text.HAL_TIM_OC_DelayElapsedCallback  stm32h7xx_hal_tim.o
    0x08007d22   0x08007d22   0x00000006   PAD
    0x08007d28   0x08007d28   0x000004be   Code   RO          339    .text.HAL_TIM_PWM_ConfigChannel  stm32h7xx_hal_tim.o
    0x080081e6   0x080081e6   0x00000002   PAD
    0x080081e8   0x080081e8   0x00000060   Code   RO          239    .text.HAL_TIM_PWM_Init  stm32h7xx_hal_tim.o
    0x08008248   0x08008248   0x00000002   Code   RO          241    .text.HAL_TIM_PWM_MspInit  stm32h7xx_hal_tim.o
    0x0800824a   0x0800824a   0x00000006   PAD
    0x08008250   0x08008250   0x00000002   Code   RO          325    .text.HAL_TIM_PWM_PulseFinishedCallback  stm32h7xx_hal_tim.o
    0x08008252   0x08008252   0x00000006   PAD
    0x08008258   0x08008258   0x00000042   Code   RO           17    .text.HAL_TIM_PeriodElapsedCallback  main.o
    0x0800829a   0x0800829a   0x00000006   PAD
    0x080082a0   0x080082a0   0x00000002   Code   RO          329    .text.HAL_TIM_TriggerCallback  stm32h7xx_hal_tim.o
    0x080082a2   0x080082a2   0x00000006   PAD
    0x080082a8   0x080082a8   0x00000036   Code   RO         1910    .text.HAL_UARTEx_DisableFifoMode  stm32h7xx_hal_uart_ex.o
    0x080082de   0x080082de   0x00000002   PAD
    0x080082e0   0x080082e0   0x00000002   Code   RO         1837    .text.HAL_UARTEx_RxEventCallback  stm32h7xx_hal_uart.o
    0x080082e2   0x080082e2   0x00000006   PAD
    0x080082e8   0x080082e8   0x00000002   Code   RO         1896    .text.HAL_UARTEx_RxFifoFullCallback  stm32h7xx_hal_uart_ex.o
    0x080082ea   0x080082ea   0x00000006   PAD
    0x080082f0   0x080082f0   0x00000090   Code   RO         1914    .text.HAL_UARTEx_SetRxFifoThreshold  stm32h7xx_hal_uart_ex.o
    0x08008380   0x08008380   0x00000090   Code   RO         1912    .text.HAL_UARTEx_SetTxFifoThreshold  stm32h7xx_hal_uart_ex.o
    0x08008410   0x08008410   0x00000002   Code   RO         1898    .text.HAL_UARTEx_TxFifoEmptyCallback  stm32h7xx_hal_uart_ex.o
    0x08008412   0x08008412   0x00000006   PAD
    0x08008418   0x08008418   0x00000002   Code   RO         1894    .text.HAL_UARTEx_WakeupCallback  stm32h7xx_hal_uart_ex.o
    0x0800841a   0x0800841a   0x00000006   PAD
    0x08008420   0x08008420   0x00000002   Code   RO         1835    .text.HAL_UART_ErrorCallback  stm32h7xx_hal_uart.o
    0x08008422   0x08008422   0x00000006   PAD
    0x08008428   0x08008428   0x0000076a   Code   RO         1831    .text.HAL_UART_IRQHandler  stm32h7xx_hal_uart.o
    0x08008b92   0x08008b92   0x00000006   PAD
    0x08008b98   0x08008b98   0x00000068   Code   RO         1747    .text.HAL_UART_Init  stm32h7xx_hal_uart.o
    0x08008c00   0x08008c00   0x000000d4   Code   RO          106    .text.HAL_UART_MspInit  usart.o
    0x08008cd4   0x08008cd4   0x00000004   PAD
    0x08008cd8   0x08008cd8   0x00000198   Code   RO         1767    .text.HAL_UART_Transmit  stm32h7xx_hal_uart.o
    0x08008e70   0x08008e70   0x000000d4   Code   RO         1787    .text.HAL_UART_Transmit_DMA  stm32h7xx_hal_uart.o
    0x08008f44   0x08008f44   0x00000004   PAD
    0x08008f48   0x08008f48   0x00000002   Code   RO         1839    .text.HAL_UART_TxCpltCallback  stm32h7xx_hal_uart.o
    0x08008f4a   0x08008f4a   0x00000006   PAD
    0x08008f50   0x08008f50   0x00000002   Code   RO         1841    .text.HAL_UART_TxHalfCpltCallback  stm32h7xx_hal_uart.o
    0x08008f52   0x08008f52   0x00000006   PAD
    0x08008f58   0x08008f58   0x00000002   Code   RO          122    .text.HardFault_Handler  stm32h7xx_it.o
    0x08008f5a   0x08008f5a   0x00000006   PAD
    0x08008f60   0x08008f60   0x00000034   Code   RO           50    .text.MX_DMA_Init   dma.o
    0x08008f94   0x08008f94   0x00000004   PAD
    0x08008f98   0x08008f98   0x0000006c   Code   RO           59    .text.MX_FDCAN1_Init  fdcan.o
    0x08009004   0x08009004   0x00000004   PAD
    0x08009008   0x08009008   0x0000006c   Code   RO           61    .text.MX_FDCAN2_Init  fdcan.o
    0x08009074   0x08009074   0x00000004   PAD
    0x08009078   0x08009078   0x0000006c   Code   RO           63    .text.MX_FDCAN3_Init  fdcan.o
    0x080090e4   0x080090e4   0x00000004   PAD
    0x080090e8   0x080090e8   0x00000024   Code   RO           36    .text.MX_FREERTOS_Init  freertos.o
    0x0800910c   0x0800910c   0x00000004   PAD
    0x08009110   0x08009110   0x0000009c   Code   RO           28    .text.MX_GPIO_Init  gpio.o
    0x080091ac   0x080091ac   0x00000004   PAD
    0x080091b0   0x080091b0   0x000000bc   Code   RO           85    .text.MX_TIM14_Init  tim.o
    0x0800926c   0x0800926c   0x00000004   PAD
    0x08009270   0x08009270   0x00000072   Code   RO           81    .text.MX_TIM4_Init  tim.o
    0x080092e2   0x080092e2   0x00000006   PAD
    0x080092e8   0x080092e8   0x0000004e   Code   RO           83    .text.MX_TIM6_Init  tim.o
    0x08009336   0x08009336   0x00000002   PAD
    0x08009338   0x08009338   0x0000007c   Code   RO          104    .text.MX_USART1_UART_Init  usart.o
    0x080093b4   0x080093b4   0x00000004   PAD
    0x080093b8   0x080093b8   0x0000006c   Code   RO         2933    .text.MX_USB_DEVICE_Init  usb_device.o
    0x08009424   0x08009424   0x00000004   PAD
    0x08009428   0x08009428   0x00000002   Code   RO          124    .text.MemManage_Handler  stm32h7xx_it.o
    0x0800942a   0x0800942a   0x00000006   PAD
    0x08009430   0x08009430   0x00000002   Code   RO          120    .text.NMI_Handler   stm32h7xx_it.o
    0x08009432   0x08009432   0x00000006   PAD
    0x08009438   0x08009438   0x0000000c   Code   RO          150    .text.OTG_HS_IRQHandler  stm32h7xx_it.o
    0x08009444   0x08009444   0x0000000c   PAD
    0x08009450   0x08009450   0x00000064   Code   RO         2503    .text.PendSV_Handler  port.o
    0x080094b4   0x080094b4   0x00000004   PAD
    0x080094b8   0x080094b8   0x00000122   Code   RO          760    .text.RCCEx_PLL2_Config  stm32h7xx_hal_rcc_ex.o
    0x080095da   0x080095da   0x00000006   PAD
    0x080095e0   0x080095e0   0x00000122   Code   RO          762    .text.RCCEx_PLL3_Config  stm32h7xx_hal_rcc_ex.o
    0x08009702   0x08009702   0x0000000e   PAD
    0x08009710   0x08009710   0x00000024   Code   RO         2487    .text.SVC_Handler   port.o
    0x08009734   0x08009734   0x00000004   PAD
    0x08009738   0x08009738   0x0000000c   Code   RO           38    .text.StartDefaultTask  freertos.o
    0x08009744   0x08009744   0x00000004   PAD
    0x08009748   0x08009748   0x0000001e   Code   RO         2298    .text.SysTick_Handler  cmsis_os2.o
    0x08009766   0x08009766   0x00000002   PAD
    0x08009768   0x08009768   0x000000d2   Code   RO         1933    .text.SystemInit    system_stm32h7xx.o
    0x0800983a   0x0800983a   0x00000006   PAD
    0x08009840   0x08009840   0x0000000c   Code   RO          140    .text.TIM4_IRQHandler  stm32h7xx_it.o
    0x0800984c   0x0800984c   0x00000004   PAD
    0x08009850   0x08009850   0x0000000c   Code   RO          148    .text.TIM6_DAC_IRQHandler  stm32h7xx_it.o
    0x0800985c   0x0800985c   0x00000004   PAD
    0x08009860   0x08009860   0x0000000c   Code   RO          146    .text.TIM8_TRG_COM_TIM14_IRQHandler  stm32h7xx_it.o
    0x0800986c   0x0800986c   0x00000004   PAD
    0x08009870   0x08009870   0x0000000c   Code   RO          144    .text.TIM8_UP_TIM13_IRQHandler  stm32h7xx_it.o
    0x0800987c   0x0800987c   0x00000004   PAD
    0x08009880   0x08009880   0x00000178   Code   RO          189    .text.TIM_Base_SetConfig  stm32h7xx_hal_tim.o
    0x080099f8   0x080099f8   0x000000e0   Code   RO         1751    .text.UART_AdvFeatureConfig  stm32h7xx_hal_uart.o
    0x08009ad8   0x08009ad8   0x00000176   Code   RO         1755    .text.UART_CheckIdleState  stm32h7xx_hal_uart.o
    0x08009c4e   0x08009c4e   0x00000002   PAD
    0x08009c50   0x08009c50   0x0000000c   Code   RO         1833    .text.UART_DMAAbortOnError  stm32h7xx_hal_uart.o
    0x08009c5c   0x08009c5c   0x00000004   PAD
    0x08009c60   0x08009c60   0x000001f4   Code   RO         1793    .text.UART_DMAError  stm32h7xx_hal_uart.o
    0x08009e54   0x08009e54   0x00000004   PAD
    0x08009e58   0x08009e58   0x000000ba   Code   RO         1789    .text.UART_DMATransmitCplt  stm32h7xx_hal_uart.o
    0x08009f12   0x08009f12   0x00000006   PAD
    0x08009f18   0x08009f18   0x00000006   Code   RO         1791    .text.UART_DMATxHalfCplt  stm32h7xx_hal_uart.o
    0x08009f1e   0x08009f1e   0x00000002   PAD
    0x08009f20   0x08009f20   0x000004d4   Code   RO         1753    .text.UART_SetConfig  stm32h7xx_hal_uart.o
    0x0800a3f4   0x0800a3f4   0x00000004   PAD
    0x0800a3f8   0x0800a3f8   0x00000358   Code   RO         1769    .text.UART_WaitOnFlagUntilTimeout  stm32h7xx_hal_uart.o
    0x0800a750   0x0800a750   0x0000000c   Code   RO          142    .text.USART1_IRQHandler  stm32h7xx_it.o
    0x0800a75c   0x0800a75c   0x00000004   PAD
    0x0800a760   0x0800a760   0x00000072   Code   RO         3174    .text.USBD_CDC_DataIn  usbd_cdc.o
    0x0800a7d2   0x0800a7d2   0x00000006   PAD
    0x0800a7d8   0x0800a7d8   0x0000003c   Code   RO         3176    .text.USBD_CDC_DataOut  usbd_cdc.o
    0x0800a814   0x0800a814   0x00000004   PAD
    0x0800a818   0x0800a818   0x0000005a   Code   RO         3168    .text.USBD_CDC_DeInit  usbd_cdc.o
    0x0800a872   0x0800a872   0x00000006   PAD
    0x0800a878   0x0800a878   0x0000003c   Code   RO         3172    .text.USBD_CDC_EP0_RxReady  usbd_cdc.o
    0x0800a8b4   0x0800a8b4   0x00000004   PAD
    0x0800a8b8   0x0800a8b8   0x00000010   Code   RO         3184    .text.USBD_CDC_GetDeviceQualifierDescriptor  usbd_cdc.o
    0x0800a8c8   0x0800a8c8   0x00000052   Code   RO         3180    .text.USBD_CDC_GetFSCfgDesc  usbd_cdc.o
    0x0800a91a   0x0800a91a   0x00000006   PAD
    0x0800a920   0x0800a920   0x00000056   Code   RO         3178    .text.USBD_CDC_GetHSCfgDesc  usbd_cdc.o
    0x0800a976   0x0800a976   0x00000002   PAD
    0x0800a978   0x0800a978   0x00000052   Code   RO         3182    .text.USBD_CDC_GetOtherSpeedCfgDesc  usbd_cdc.o
    0x0800a9ca   0x0800a9ca   0x00000006   PAD
    0x0800a9d0   0x0800a9d0   0x000000d8   Code   RO         3166    .text.USBD_CDC_Init  usbd_cdc.o
    0x0800aaa8   0x0800aaa8   0x00000030   Code   RO         3194    .text.USBD_CDC_ReceivePacket  usbd_cdc.o
    0x0800aad8   0x0800aad8   0x00000018   Code   RO         3186    .text.USBD_CDC_RegisterInterface  usbd_cdc.o
    0x0800aaf0   0x0800aaf0   0x0000001c   Code   RO         3190    .text.USBD_CDC_SetRxBuffer  usbd_cdc.o
    0x0800ab0c   0x0800ab0c   0x00000004   PAD
    0x0800ab10   0x0800ab10   0x00000020   Code   RO         3188    .text.USBD_CDC_SetTxBuffer  usbd_cdc.o
    0x0800ab30   0x0800ab30   0x00000100   Code   RO         3170    .text.USBD_CDC_Setup  usbd_cdc.o
    0x0800ac30   0x0800ac30   0x00000012   Code   RO         3081    .text.USBD_ClrClassConfig  usbd_core.o
    0x0800ac42   0x0800ac42   0x00000006   PAD
    0x0800ac48   0x0800ac48   0x00000004   Code   RO         3089    .text.USBD_CoreFindEP  usbd_core.o
    0x0800ac4c   0x0800ac4c   0x00000004   PAD
    0x0800ac50   0x0800ac50   0x00000004   Code   RO         3087    .text.USBD_CoreFindIF  usbd_core.o
    0x0800ac54   0x0800ac54   0x00000004   PAD
    0x0800ac58   0x0800ac58   0x00000010   Code   RO         3150    .text.USBD_CtlContinueRx  usbd_ioreq.o
    0x0800ac68   0x0800ac68   0x00000010   Code   RO         3146    .text.USBD_CtlContinueSendData  usbd_ioreq.o
    0x0800ac78   0x0800ac78   0x00000016   Code   RO         3125    .text.USBD_CtlError  usbd_ctlreq.o
    0x0800ac8e   0x0800ac8e   0x00000002   PAD
    0x0800ac90   0x0800ac90   0x0000001e   Code   RO         3148    .text.USBD_CtlPrepareRx  usbd_ioreq.o
    0x0800acae   0x0800acae   0x00000002   PAD
    0x0800acb0   0x0800acb0   0x00000016   Code   RO         3154    .text.USBD_CtlReceiveStatus  usbd_ioreq.o
    0x0800acc6   0x0800acc6   0x00000002   PAD
    0x0800acc8   0x0800acc8   0x0000001a   Code   RO         3144    .text.USBD_CtlSendData  usbd_ioreq.o
    0x0800ace2   0x0800ace2   0x00000006   PAD
    0x0800ace8   0x0800ace8   0x00000016   Code   RO         3152    .text.USBD_CtlSendStatus  usbd_ioreq.o
    0x0800acfe   0x0800acfe   0x00000002   PAD
    0x0800ad00   0x0800ad00   0x0000007a   Code   RO         3111    .text.USBD_GetEpDesc  usbd_core.o
    0x0800ad7a   0x0800ad7a   0x00000006   PAD
    0x0800ad80   0x0800ad80   0x000000fa   Code   RO         3133    .text.USBD_GetString  usbd_ctlreq.o
    0x0800ae7a   0x0800ae7a   0x00000006   PAD
    0x0800ae80   0x0800ae80   0x00000024   Code   RO         2952    .text.USBD_HS_ConfigStrDescriptor  usbd_desc.o
    0x0800aea4   0x0800aea4   0x00000004   PAD
    0x0800aea8   0x0800aea8   0x0000000e   Code   RO         2942    .text.USBD_HS_DeviceDescriptor  usbd_desc.o
    0x0800aeb6   0x0800aeb6   0x00000002   PAD
    0x0800aeb8   0x0800aeb8   0x00000028   Code   RO         2954    .text.USBD_HS_InterfaceStrDescriptor  usbd_desc.o
    0x0800aee0   0x0800aee0   0x0000000e   Code   RO         2944    .text.USBD_HS_LangIDStrDescriptor  usbd_desc.o
    0x0800aeee   0x0800aeee   0x00000002   PAD
    0x0800aef0   0x0800aef0   0x0000002c   Code   RO         2946    .text.USBD_HS_ManufacturerStrDescriptor  usbd_desc.o
    0x0800af1c   0x0800af1c   0x00000004   PAD
    0x0800af20   0x0800af20   0x00000030   Code   RO         2948    .text.USBD_HS_ProductStrDescriptor  usbd_desc.o
    0x0800af50   0x0800af50   0x0000016e   Code   RO         2950    .text.USBD_HS_SerialStrDescriptor  usbd_desc.o
    0x0800b0be   0x0800b0be   0x00000002   PAD
    0x0800b0c0   0x0800b0c0   0x00000028   Code   RO         3067    .text.USBD_Init     usbd_core.o
    0x0800b0e8   0x0800b0e8   0x00000022   Code   RO         3039    .text.USBD_LL_ClearStallEP  usbd_conf.o
    0x0800b10a   0x0800b10a   0x00000006   PAD
    0x0800b110   0x0800b110   0x00000022   Code   RO         3033    .text.USBD_LL_CloseEP  usbd_conf.o
    0x0800b132   0x0800b132   0x00000006   PAD
    0x0800b138   0x0800b138   0x000000ba   Code   RO         3091    .text.USBD_LL_DataInStage  usbd_core.o
    0x0800b1f2   0x0800b1f2   0x00000006   PAD
    0x0800b1f8   0x0800b1f8   0x00000078   Code   RO         3085    .text.USBD_LL_DataOutStage  usbd_core.o
    0x0800b270   0x0800b270   0x00000004   Code   RO         3107    .text.USBD_LL_DevConnected  usbd_core.o
    0x0800b274   0x0800b274   0x00000004   PAD
    0x0800b278   0x0800b278   0x00000020   Code   RO         3109    .text.USBD_LL_DevDisconnected  usbd_core.o
    0x0800b298   0x0800b298   0x00000008   Code   RO         3049    .text.USBD_LL_GetRxDataSize  usbd_conf.o
    0x0800b2a0   0x0800b2a0   0x0000006e   Code   RO         3021    .text.USBD_LL_Init  usbd_conf.o
    0x0800b30e   0x0800b30e   0x00000002   PAD
    0x0800b310   0x0800b310   0x00000022   Code   RO         3041    .text.USBD_LL_IsStallEP  usbd_conf.o
    0x0800b332   0x0800b332   0x00000006   PAD
    0x0800b338   0x0800b338   0x00000028   Code   RO         3103    .text.USBD_LL_IsoINIncomplete  usbd_core.o
    0x0800b360   0x0800b360   0x00000028   Code   RO         3105    .text.USBD_LL_IsoOUTIncomplete  usbd_core.o
    0x0800b388   0x0800b388   0x00000028   Code   RO         3031    .text.USBD_LL_OpenEP  usbd_conf.o
    0x0800b3b0   0x0800b3b0   0x00000022   Code   RO         3047    .text.USBD_LL_PrepareReceive  usbd_conf.o
    0x0800b3d2   0x0800b3d2   0x00000006   PAD
    0x0800b3d8   0x0800b3d8   0x00000066   Code   RO         3093    .text.USBD_LL_Reset  usbd_core.o
    0x0800b43e   0x0800b43e   0x00000002   PAD
    0x0800b440   0x0800b440   0x00000014   Code   RO         3099    .text.USBD_LL_Resume  usbd_core.o
    0x0800b454   0x0800b454   0x00000004   PAD
    0x0800b458   0x0800b458   0x0000001a   Code   RO         3101    .text.USBD_LL_SOF   usbd_core.o
    0x0800b472   0x0800b472   0x00000006   PAD
    0x0800b478   0x0800b478   0x00000008   Code   RO         3095    .text.USBD_LL_SetSpeed  usbd_core.o
    0x0800b480   0x0800b480   0x00000022   Code   RO         3043    .text.USBD_LL_SetUSBAddress  usbd_conf.o
    0x0800b4a2   0x0800b4a2   0x00000006   PAD
    0x0800b4a8   0x0800b4a8   0x00000062   Code   RO         3083    .text.USBD_LL_SetupStage  usbd_core.o
    0x0800b50a   0x0800b50a   0x00000006   PAD
    0x0800b510   0x0800b510   0x00000022   Code   RO         3037    .text.USBD_LL_StallEP  usbd_conf.o
    0x0800b532   0x0800b532   0x00000006   PAD
    0x0800b538   0x0800b538   0x00000022   Code   RO         3027    .text.USBD_LL_Start  usbd_conf.o
    0x0800b55a   0x0800b55a   0x00000006   PAD
    0x0800b560   0x0800b560   0x0000001c   Code   RO         3097    .text.USBD_LL_Suspend  usbd_core.o
    0x0800b57c   0x0800b57c   0x00000004   PAD
    0x0800b580   0x0800b580   0x00000022   Code   RO         3045    .text.USBD_LL_Transmit  usbd_conf.o
    0x0800b5a2   0x0800b5a2   0x00000006   PAD
    0x0800b5a8   0x0800b5a8   0x00000016   Code   RO         3131    .text.USBD_ParseSetupRequest  usbd_ctlreq.o
    0x0800b5be   0x0800b5be   0x00000002   PAD
    0x0800b5c0   0x0800b5c0   0x00000046   Code   RO         3071    .text.USBD_RegisterClass  usbd_core.o
    0x0800b606   0x0800b606   0x00000002   PAD
    0x0800b608   0x0800b608   0x00000010   Code   RO         3079    .text.USBD_SetClassConfig  usbd_core.o
    0x0800b618   0x0800b618   0x00000004   Code   RO         3073    .text.USBD_Start    usbd_core.o
    0x0800b61c   0x0800b61c   0x00000004   PAD
    0x0800b620   0x0800b620   0x0000038a   Code   RO         3123    .text.USBD_StdDevReq  usbd_ctlreq.o
    0x0800b9aa   0x0800b9aa   0x00000006   PAD
    0x0800b9b0   0x0800b9b0   0x0000017e   Code   RO         3129    .text.USBD_StdEPReq  usbd_ctlreq.o
    0x0800bb2e   0x0800bb2e   0x00000002   PAD
    0x0800bb30   0x0800bb30   0x00000094   Code   RO         3127    .text.USBD_StdItfReq  usbd_ctlreq.o
    0x0800bbc4   0x0800bbc4   0x00000004   PAD
    0x0800bbc8   0x0800bbc8   0x00000002   Code   RO         3053    .text.USBD_static_free  usbd_conf.o
    0x0800bbca   0x0800bbca   0x00000006   PAD
    0x0800bbd0   0x0800bbd0   0x0000000a   Code   RO         3051    .text.USBD_static_malloc  usbd_conf.o
    0x0800bbda   0x0800bbda   0x00000006   PAD
    0x0800bbe0   0x0800bbe0   0x0000008a   Code   RO          640    .text.USB_ActivateEndpoint  stm32h7xx_ll_usb.o
    0x0800bc6a   0x0800bc6a   0x00000006   PAD
    0x0800bc70   0x0800bc70   0x00000020   Code   RO          682    .text.USB_ActivateSetup  stm32h7xx_ll_usb.o
    0x0800bc90   0x0800bc90   0x0000022e   Code   RO          618    .text.USB_CoreInit  stm32h7xx_ll_usb.o
    0x0800bebe   0x0800bebe   0x00000002   PAD
    0x0800bec0   0x0800bec0   0x00000086   Code   RO          644    .text.USB_DeactivateEndpoint  stm32h7xx_ll_usb.o
    0x0800bf46   0x0800bf46   0x00000002   PAD
    0x0800bf48   0x0800bf48   0x0000001e   Code   RO          664    .text.USB_DevConnect  stm32h7xx_ll_usb.o
    0x0800bf66   0x0800bf66   0x00000002   PAD
    0x0800bf68   0x0800bf68   0x0000001e   Code   RO          666    .text.USB_DevDisconnect  stm32h7xx_ll_usb.o
    0x0800bf86   0x0800bf86   0x00000002   PAD
    0x0800bf88   0x0800bf88   0x000004b2   Code   RO          630    .text.USB_DevInit   stm32h7xx_ll_usb.o
    0x0800c43a   0x0800c43a   0x00000006   PAD
    0x0800c440   0x0800c440   0x0000000e   Code   RO          624    .text.USB_DisableGlobalInt  stm32h7xx_ll_usb.o
    0x0800c44e   0x0800c44e   0x00000002   PAD
    0x0800c450   0x0800c450   0x0000005a   Code   RO          684    .text.USB_EP0_OutStart  stm32h7xx_ll_usb.o
    0x0800c4aa   0x0800c4aa   0x00000006   PAD
    0x0800c4b0   0x0800c4b0   0x00000052   Code   RO          658    .text.USB_EPClearStall  stm32h7xx_ll_usb.o
    0x0800c502   0x0800c502   0x00000006   PAD
    0x0800c508   0x0800c508   0x00000040   Code   RO          656    .text.USB_EPSetStall  stm32h7xx_ll_usb.o
    0x0800c548   0x0800c548   0x0000022c   Code   RO          648    .text.USB_EPStartXfer  stm32h7xx_ll_usb.o
    0x0800c774   0x0800c774   0x00000004   PAD
    0x0800c778   0x0800c778   0x0000010e   Code   RO          652    .text.USB_EPStopXfer  stm32h7xx_ll_usb.o
    0x0800c886   0x0800c886   0x00000002   PAD
    0x0800c888   0x0800c888   0x0000000e   Code   RO          622    .text.USB_EnableGlobalInt  stm32h7xx_ll_usb.o
    0x0800c896   0x0800c896   0x00000002   PAD
    0x0800c898   0x0800c898   0x000000be   Code   RO          634    .text.USB_FlushTxFifo  stm32h7xx_ll_usb.o
    0x0800c956   0x0800c956   0x00000002   PAD
    0x0800c958   0x0800c958   0x0000001a   Code   RO          638    .text.USB_GetDevSpeed  stm32h7xx_ll_usb.o
    0x0800c972   0x0800c972   0x00000006   PAD
    0x0800c978   0x0800c978   0x00000008   Code   RO          628    .text.USB_GetMode   stm32h7xx_ll_usb.o
    0x0800c980   0x0800c980   0x0000000e   Code   RO          674    .text.USB_ReadDevAllInEpInterrupt  stm32h7xx_ll_usb.o
    0x0800c98e   0x0800c98e   0x00000002   PAD
    0x0800c990   0x0800c990   0x0000000e   Code   RO          672    .text.USB_ReadDevAllOutEpInterrupt  stm32h7xx_ll_usb.o
    0x0800c99e   0x0800c99e   0x00000002   PAD
    0x0800c9a0   0x0800c9a0   0x00000024   Code   RO          678    .text.USB_ReadDevInEPInterrupt  stm32h7xx_ll_usb.o
    0x0800c9c4   0x0800c9c4   0x00000004   PAD
    0x0800c9c8   0x0800c9c8   0x00000010   Code   RO          676    .text.USB_ReadDevOutEPInterrupt  stm32h7xx_ll_usb.o
    0x0800c9d8   0x0800c9d8   0x00000008   Code   RO          668    .text.USB_ReadInterrupts  stm32h7xx_ll_usb.o
    0x0800c9e0   0x0800c9e0   0x000000ac   Code   RO          654    .text.USB_ReadPacket  stm32h7xx_ll_usb.o
    0x0800ca8c   0x0800ca8c   0x00000004   PAD
    0x0800ca90   0x0800ca90   0x00000368   Code   RO          626    .text.USB_SetCurrentMode  stm32h7xx_ll_usb.o
    0x0800cdf8   0x0800cdf8   0x00000022   Code   RO          662    .text.USB_SetDevAddress  stm32h7xx_ll_usb.o
    0x0800ce1a   0x0800ce1a   0x00000006   PAD
    0x0800ce20   0x0800ce20   0x00000120   Code   RO          620    .text.USB_SetTurnaroundTime  stm32h7xx_ll_usb.o
    0x0800cf40   0x0800cf40   0x00000078   Code   RO          650    .text.USB_WritePacket  stm32h7xx_ll_usb.o
    0x0800cfb8   0x0800cfb8   0x00000002   Code   RO          128    .text.UsageFault_Handler  stm32h7xx_it.o
    0x0800cfba   0x0800cfba   0x00000006   PAD
    0x0800cfc0   0x0800cfc0   0x000000a2   Code   RO         2788    .text._GLOBAL__sub_I_frame_demo.cpp  frame_demo.o
    0x0800d062   0x0800d062   0x00000006   PAD
    0x0800d068   0x0800d068   0x00000006   Code   RO         2599    .text._Z11send_idHighv  motor_dji.o
    0x0800d06e   0x0800d06e   0x00000002   PAD
    0x0800d070   0x0800d070   0x000000ca   Code   RO           13    .text._Z18SystemClock_Configv  main.o
    0x0800d13a   0x0800d13a   0x00000006   PAD
    0x0800d140   0x0800d140   0x00000002   Code   RO         2691    .text._ZN10Motor_Base12setTargetRPMEf  motor_dji.o
    0x0800d142   0x0800d142   0x00000006   PAD
    0x0800d148   0x0800d148   0x00000002   Code   RO         2695    .text._ZN10Motor_Base14setTargetAngleEf  motor_dji.o
    0x0800d14a   0x0800d14a   0x00000006   PAD
    0x0800d150   0x0800d150   0x00000002   Code   RO         2735    .text._ZN10Motor_Base16setTargetCurrentEf  motor_dji.o
    0x0800d152   0x0800d152   0x00000006   PAD
    0x0800d158   0x0800d158   0x00000002   Code   RO         2697    .text._ZN10Motor_Base19setTargetTotalAngleEf  motor_dji.o
    0x0800d15a   0x0800d15a   0x00000006   PAD
    0x0800d160   0x0800d160   0x00000002   Code   RO         2687    .text._ZN10Motor_BaseD2Ev  motor_dji.o
    0x0800d162   0x0800d162   0x00000006   PAD
    0x0800d168   0x0800d168   0x00000048   Code   RO         2807    .text._ZN12Debug_Printf10printf_DMAEPcz  frame_demo.o
    0x0800d1b0   0x0800d1b0   0x00000020   Code   RO         2830    .text._ZN12PID_Position10set_paramsERK16PID_Param_Configf  app_pid.o
    0x0800d1d0   0x0800d1d0   0x00000214   Code   RO         2828    .text._ZN12PID_Position8pid_calcEff  app_pid.o
    0x0800d3e4   0x0800d3e4   0x00000004   PAD
    0x0800d3e8   0x0800d3e8   0x000000b4   Code   RO         2786    .text._ZN13DJI_MotorDemo4initEv  frame_demo.o
    0x0800d49c   0x0800d49c   0x00000004   PAD
    0x0800d4a0   0x0800d4a0   0x000001dc   Code   RO         2784    .text._ZN13DJI_MotorDemo4loopEv  frame_demo.o
    0x0800d67c   0x0800d67c   0x00000004   PAD
    0x0800d680   0x0800d680   0x00000006   Code   RO         2815    .text._ZN13DJI_MotorDemoD0Ev  frame_demo.o
    0x0800d686   0x0800d686   0x00000002   PAD
    0x0800d688   0x0800d688   0x00000002   Code   RO         2813    .text._ZN13DJI_MotorDemoD2Ev  frame_demo.o
    0x0800d68a   0x0800d68a   0x00000006   PAD
    0x0800d690   0x0800d690   0x00000020   Code   RO         2834    .text._ZN15PID_Incremental10set_paramsERK16PID_Param_Configf  app_pid.o
    0x0800d6b0   0x0800d6b0   0x0000014c   Code   RO         2836    .text._ZN15PID_Incremental8pid_calcEff  app_pid.o
    0x0800d7fc   0x0800d7fc   0x00000004   PAD
    0x0800d800   0x0800d800   0x0000000c   Code   RO         2633    .text._ZN5M350812setTargetRPMEf  motor_dji.o
    0x0800d80c   0x0800d80c   0x00000004   PAD
    0x0800d810   0x0800d810   0x00000012   Code   RO         2635    .text._ZN5M350814setTargetAngleEf  motor_dji.o
    0x0800d822   0x0800d822   0x00000006   PAD
    0x0800d828   0x0800d828   0x0000000c   Code   RO         2631    .text._ZN5M350816setTargetCurrentEf  motor_dji.o
    0x0800d834   0x0800d834   0x00000004   PAD
    0x0800d838   0x0800d838   0x00000012   Code   RO         2637    .text._ZN5M350819setTargetTotalAngleEf  motor_dji.o
    0x0800d84a   0x0800d84a   0x00000006   PAD
    0x0800d850   0x0800d850   0x00000090   Code   RO         2639    .text._ZN5M35086updateEv  motor_dji.o
    0x0800d8e0   0x0800d8e0   0x0000002a   Code   RO         2629    .text._ZN5M35088pid_initERK16PID_Param_ConfigfS2_f  motor_dji.o
    0x0800d90a   0x0800d90a   0x00000006   PAD
    0x0800d910   0x0800d910   0x000000ba   Code   RO         2621    .text._ZN5M3508C2EjP8fdCANbus  motor_dji.o
    0x0800d9ca   0x0800d9ca   0x00000006   PAD
    0x0800d9d0   0x0800d9d0   0x00000008   Code   RO         2717    .text._ZN5M3508D0Ev  motor_dji.o
    0x0800d9d8   0x0800d9d8   0x000000b2   Code   RO         2918    .text._ZN6AirJoy11data_updateEtt  module_air_joy.o
    0x0800da8a   0x0800da8a   0x00000006   PAD
    0x0800da90   0x0800da90   0x00000090   Code   RO         2904    .text._ZN7Encoder6updateEt  module_encoder.o
    0x0800db20   0x0800db20   0x0000000e   Code   RO         2811    .text._ZN8RtosTask3runEv  frame_demo.o
    0x0800db2e   0x0800db2e   0x00000002   PAD
    0x0800db30   0x0800db30   0x00000002   Code   RO         2565    .text._ZN8RtosTask4loopEv  bsp_fdcan_driver.o
    0x0800db32   0x0800db32   0x00000006   PAD
    0x0800db38   0x0800db38   0x0000002a   Code   RO         2571    .text._ZN8RtosTask9taskEntryEPv  bsp_fdcan_driver.o
    0x0800db62   0x0800db62   0x00000006   PAD
    0x0800db68   0x0800db68   0x00000002   Code   RO         2567    .text._ZN8RtosTaskD2Ev  bsp_fdcan_driver.o
    0x0800db6a   0x0800db6a   0x00000006   PAD
    0x0800db70   0x0800db70   0x000000f6   Code   RO         2529    .text._ZN8fdCANbus10rxTaskbodyEv  bsp_fdcan_driver.o
    0x0800dc66   0x0800dc66   0x00000002   PAD
    0x0800dc68   0x0800dc68   0x0000004c   Code   RO         2523    .text._ZN8fdCANbus13registerMotorEP10Motor_Base  bsp_fdcan_driver.o
    0x0800dcb4   0x0800dcb4   0x00000004   PAD
    0x0800dcb8   0x0800dcb8   0x000001a6   Code   RO         2531    .text._ZN8fdCANbus17schedulerTaskbodyEv  bsp_fdcan_driver.o
    0x0800de5e   0x0800de5e   0x00000002   PAD
    0x0800de60   0x0800de60   0x000000b4   Code   RO         2521    .text._ZN8fdCANbus4initEv  bsp_fdcan_driver.o
    0x0800df14   0x0800df14   0x00000004   PAD
    0x0800df18   0x0800df18   0x00000006   Code   RO         2539    .text._ZN8fdCANbus6RxTask3runEv  bsp_fdcan_driver.o
    0x0800df1e   0x0800df1e   0x00000002   PAD
    0x0800df20   0x0800df20   0x00000024   Code   RO         2535    .text._ZN8fdCANbus6RxTaskC2EPS_  bsp_fdcan_driver.o
    0x0800df44   0x0800df44   0x00000004   PAD
    0x0800df48   0x0800df48   0x00000006   Code   RO         2563    .text._ZN8fdCANbus6RxTaskD0Ev  bsp_fdcan_driver.o
    0x0800df4e   0x0800df4e   0x00000002   PAD
    0x0800df50   0x0800df50   0x00000006   Code   RO         2541    .text._ZN8fdCANbus9SchedTask3runEv  bsp_fdcan_driver.o
    0x0800df56   0x0800df56   0x00000002   PAD
    0x0800df58   0x0800df58   0x00000028   Code   RO         2537    .text._ZN8fdCANbus9SchedTaskC2EPS_  bsp_fdcan_driver.o
    0x0800df80   0x0800df80   0x00000006   Code   RO         2569    .text._ZN8fdCANbus9SchedTaskD0Ev  bsp_fdcan_driver.o
    0x0800df86   0x0800df86   0x00000002   PAD
    0x0800df88   0x0800df88   0x00000010   Code   RO         2805    .text._ZN8fdCANbusD2Ev  frame_demo.o
    0x0800df98   0x0800df98   0x00000184   Code   RO         2619    .text._ZN9DJI_Group11packCommandEP8CanFramej  motor_dji.o
    0x0800e11c   0x0800e11c   0x00000004   PAD
    0x0800e120   0x0800e120   0x00000002   Code   RO         2739    .text._ZN9DJI_Group14updateFeedbackERK8CanFrame  motor_dji.o
    0x0800e122   0x0800e122   0x00000006   PAD
    0x0800e128   0x0800e128   0x00000002   Code   RO         2737    .text._ZN9DJI_Group6updateEv  motor_dji.o
    0x0800e12a   0x0800e12a   0x00000006   PAD
    0x0800e130   0x0800e130   0x000000c8   Code   RO         2615    .text._ZN9DJI_Group8addMotorEP9DJI_Motor  motor_dji.o
    0x0800e1f8   0x0800e1f8   0x0000003c   Code   RO         2613    .text._ZN9DJI_GroupC2EjP8fdCANbus  motor_dji.o
    0x0800e234   0x0800e234   0x00000004   PAD
    0x0800e238   0x0800e238   0x00000006   Code   RO         2733    .text._ZN9DJI_GroupD0Ev  motor_dji.o
    0x0800e23e   0x0800e23e   0x00000002   PAD
    0x0800e240   0x0800e240   0x00000004   Code   RO         2709    .text._ZN9DJI_Motor11packCommandEP8CanFramej  motor_dji.o
    0x0800e244   0x0800e244   0x00000004   PAD
    0x0800e248   0x0800e248   0x000000a0   Code   RO         2607    .text._ZN9DJI_Motor14updateFeedbackERK8CanFrame  motor_dji.o
    0x0800e2e8   0x0800e2e8   0x0000003e   Code   RO         2576    .text._ZN9TimeStamp11getInstanceEv  bsp_timestamp.o
    0x0800e326   0x0800e326   0x00000002   PAD
    0x0800e328   0x0800e328   0x0000003a   Code   RO         2580    .text._ZN9TimeStamp16overflowCallbackEv  bsp_timestamp.o
    0x0800e362   0x0800e362   0x00000006   PAD
    0x0800e368   0x0800e368   0x0000001e   Code   RO         2578    .text._ZN9TimeStamp4initEP17TIM_HandleTypeDef  bsp_timestamp.o
    0x0800e386   0x0800e386   0x00000002   PAD
    0x0800e388   0x0800e388   0x00000000   Code   RO         2703    .text._ZNK10Motor_Base10getCurrentEv  motor_dji.o
    0x0800e388   0x0800e388   0x00000000   Code   RO         2741    .text._ZNK10Motor_Base12matchesFrameERK8CanFrame  motor_dji.o
    0x0800e388   0x0800e388   0x00000000   Code   RO         2707    .text._ZNK10Motor_Base13getTotalAngleEv  motor_dji.o
    0x0800e388   0x0800e388   0x00000006   Code   RO         2713    .text._ZNK10Motor_Base13get_GearRatioEv  motor_dji.o
    0x0800e38e   0x0800e38e   0x00000002   PAD
    0x0800e390   0x0800e390   0x00000000   Code   RO         2701    .text._ZNK10Motor_Base6getRPMEv  motor_dji.o
    0x0800e390   0x0800e390   0x00000000   Code   RO         2705    .text._ZNK10Motor_Base8getAngleEv  motor_dji.o
    0x0800e390   0x0800e390   0x00000006   Code   RO         2625    .text._ZNK5M350813getTotalAngleEv  motor_dji.o
    0x0800e396   0x0800e396   0x00000002   PAD
    0x0800e398   0x0800e398   0x00000006   Code   RO         2719    .text._ZNK5M350813get_GearRatioEv  motor_dji.o
    0x0800e39e   0x0800e39e   0x00000002   PAD
    0x0800e3a0   0x0800e3a0   0x00000006   Code   RO         2627    .text._ZNK5M35086getRPMEv  motor_dji.o
    0x0800e3a6   0x0800e3a6   0x00000002   PAD
    0x0800e3a8   0x0800e3a8   0x00000006   Code   RO         2623    .text._ZNK5M35088getAngleEv  motor_dji.o
    0x0800e3ae   0x0800e3ae   0x00000002   PAD
    0x0800e3b0   0x0800e3b0   0x00000058   Code   RO         2617    .text._ZNK9DJI_Group8calcSlotEj13DJI_MotorType  motor_dji.o
    0x0800e408   0x0800e408   0x0000004a   Code   RO         2711    .text._ZNK9DJI_Motor12matchesFrameERK8CanFrame  motor_dji.o
    0x0800e452   0x0800e452   0x00000006   PAD
    0x0800e458   0x0800e458   0x00000006   Code   RO         2715    .text._ZNK9DJI_Motor7recv_idEv  motor_dji.o
    0x0800e45e   0x0800e45e   0x00000002   PAD
    0x0800e460   0x0800e460   0x00000070   Code   RO         2586    .text._ZNK9TimeStamp10getSecondsEv  bsp_timestamp.o
    0x0800e4d0   0x0800e4d0   0x00000056   Code   RO         2582    .text._ZNK9TimeStamp15getMicrosecondsEv  bsp_timestamp.o
    0x0800e526   0x0800e526   0x00000004   Code   RO         3380    .text._ZdlPv        libcpp_w.l(new.cpp.o)
    0x0800e52a   0x0800e52a   0x00000004   Code   RO         3384    .text._ZdlPvj       libcpp_w.l(new.cpp.o)
    0x0800e52e   0x0800e52e   0x00000004   Code   RO         3669    .text.abort_message  libcppabi_w.l(abort_message.cpp.o)
    0x0800e532   0x0800e532   0x00000006   PAD
    0x0800e538   0x0800e538   0x00000096   Code   RO         2543    .text.fdcan_global_rx_isr  bsp_fdcan_driver.o
    0x0800e5ce   0x0800e5ce   0x00000002   PAD
    0x0800e5d0   0x0800e5d0   0x00000052   Code   RO         2545    .text.fdcan_global_scheduler_tick_isr  bsp_fdcan_driver.o
    0x0800e622   0x0800e622   0x00000006   PAD
    0x0800e628   0x0800e628   0x0000006e   Code   RO           11    .text.main          main.o
    0x0800e696   0x0800e696   0x00000002   PAD
    0x0800e698   0x0800e698   0x00000020   Code   RO         2358    .text.osDelay       cmsis_os2.o
    0x0800e6b8   0x0800e6b8   0x0000002a   Code   RO         2300    .text.osKernelInitialize  cmsis_os2.o
    0x0800e6e2   0x0800e6e2   0x00000006   PAD
    0x0800e6e8   0x0800e6e8   0x0000003e   Code   RO         2306    .text.osKernelStart  cmsis_os2.o
    0x0800e726   0x0800e726   0x00000002   PAD
    0x0800e728   0x0800e728   0x000000ae   Code   RO         2322    .text.osThreadNew   cmsis_os2.o
    0x0800e7d6   0x0800e7d6   0x00000002   PAD
    0x0800e7d8   0x0800e7d8   0x0000028a   Code   RO         2133    .text.prvAddNewTaskToReadyList  tasks.o
    0x0800ea62   0x0800ea62   0x00000006   PAD
    0x0800ea68   0x0800ea68   0x00000086   Code   RO         2165    .text.prvIdleTask   tasks.o
    0x0800eaee   0x0800eaee   0x00000002   PAD
    0x0800eaf0   0x0800eaf0   0x00000126   Code   RO         2131    .text.prvInitialiseNewTask  tasks.o
    0x0800ec16   0x0800ec16   0x00000002   PAD
    0x0800ec18   0x0800ec18   0x00000028   Code   RO         2495    .text.prvPortStartFirstTask  port.o
    0x0800ec40   0x0800ec40   0x00000040   Code   RO         2485    .text.prvTaskExitError  port.o
    0x0800ec80   0x0800ec80   0x0000038a   Code   RO         2250    .text.prvTimerTask  timers.o
    0x0800f00a   0x0800f00a   0x00000006   PAD
    0x0800f010   0x0800f010   0x0000007a   Code   RO         2030    .text.prvUnlockQueue  queue.o
    0x0800f08a   0x0800f08a   0x00000006   PAD
    0x0800f090   0x0800f090   0x00000208   Code   RO         2461    .text.pvPortMalloc  heap_4.o
    0x0800f298   0x0800f298   0x00000018   Code   RO         2221    .text.pvTaskIncrementMutexHeldCount  tasks.o
    0x0800f2b0   0x0800f2b0   0x0000002c   Code   RO         2483    .text.pxPortInitialiseStack  port.o
    0x0800f2dc   0x0800f2dc   0x00000060   Code   RO         3415    .text.unlikely.__cxa_guard_acquire  libcppabi_w.l(cxa_guard.cpp.o)
    0x0800f33c   0x0800f33c   0x00000008   Code   RO         3417    .text.unlikely.__cxa_guard_release  libcppabi_w.l(cxa_guard.cpp.o)
    0x0800f344   0x0800f344   0x00000004   PAD
    0x0800f348   0x0800f348   0x0000002a   Code   RO         1994    .text.uxListRemove  list.o
    0x0800f372   0x0800f372   0x00000006   PAD
    0x0800f378   0x0800f378   0x0000001a   Code   RO         2444    .text.vApplicationGetIdleTaskMemory  cmsis_os2.o
    0x0800f392   0x0800f392   0x00000006   PAD
    0x0800f398   0x0800f398   0x0000001c   Code   RO         2446    .text.vApplicationGetTimerTaskMemory  cmsis_os2.o
    0x0800f3b4   0x0800f3b4   0x00000004   PAD
    0x0800f3b8   0x0800f3b8   0x00000016   Code   RO         1986    .text.vListInitialise  list.o
    0x0800f3ce   0x0800f3ce   0x00000002   PAD
    0x0800f3d0   0x0800f3d0   0x00000006   Code   RO         1988    .text.vListInitialiseItem  list.o
    0x0800f3d6   0x0800f3d6   0x00000002   PAD
    0x0800f3d8   0x0800f3d8   0x00000062   Code   RO         1992    .text.vListInsert   list.o
    0x0800f43a   0x0800f43a   0x00000006   PAD
    0x0800f440   0x0800f440   0x0000001c   Code   RO         1990    .text.vListInsertEnd  list.o
    0x0800f45c   0x0800f45c   0x00000004   PAD
    0x0800f460   0x0800f460   0x00000014   Code   RO         2493    .text.vPortEnableVFP  port.o
    0x0800f474   0x0800f474   0x00000004   PAD
    0x0800f478   0x0800f478   0x0000004a   Code   RO         2499    .text.vPortEnterCritical  port.o
    0x0800f4c2   0x0800f4c2   0x00000006   PAD
    0x0800f4c8   0x0800f4c8   0x0000002e   Code   RO         2501    .text.vPortExitCritical  port.o
    0x0800f4f6   0x0800f4f6   0x00000002   PAD
    0x0800f4f8   0x0800f4f8   0x000000d4   Code   RO         2463    .text.vPortFree     heap_4.o
    0x0800f5cc   0x0800f5cc   0x00000004   PAD
    0x0800f5d0   0x0800f5d0   0x00000034   Code   RO         2491    .text.vPortSetupTimerInterrupt  port.o
    0x0800f604   0x0800f604   0x00000004   PAD
    0x0800f608   0x0800f608   0x0000005e   Code   RO         2507    .text.vPortValidateInterruptPriority  port.o
    0x0800f666   0x0800f666   0x00000002   PAD
    0x0800f668   0x0800f668   0x000000b0   Code   RO         2064    .text.vQueueAddToRegistry  queue.o
    0x0800f718   0x0800f718   0x000000a8   Code   RO         2050    .text.vQueueDelete  queue.o
    0x0800f7c0   0x0800f7c0   0x00000064   Code   RO         2068    .text.vQueueWaitForMessageRestricted  queue.o
    0x0800f824   0x0800f824   0x00000004   PAD
    0x0800f828   0x0800f828   0x00000080   Code   RO         2145    .text.vTaskDelay    tasks.o
    0x0800f8a8   0x0800f8a8   0x000000e2   Code   RO         2137    .text.vTaskDelete   tasks.o
    0x0800f98a   0x0800f98a   0x00000006   PAD
    0x0800f990   0x0800f990   0x00000012   Code   RO         2195    .text.vTaskInternalSetTimeOutState  tasks.o
    0x0800f9a2   0x0800f9a2   0x00000006   PAD
    0x0800f9a8   0x0800f9a8   0x0000000e   Code   RO         2199    .text.vTaskMissedYield  tasks.o
    0x0800f9b6   0x0800f9b6   0x00000002   PAD
    0x0800f9b8   0x0800f9b8   0x00000074   Code   RO         2183    .text.vTaskPlaceOnEventList  tasks.o
    0x0800fa2c   0x0800fa2c   0x00000004   PAD
    0x0800fa30   0x0800fa30   0x0000007a   Code   RO         2187    .text.vTaskPlaceOnEventListRestricted  tasks.o
    0x0800faaa   0x0800faaa   0x00000006   PAD
    0x0800fab0   0x0800fab0   0x000000a2   Code   RO         2217    .text.vTaskPriorityDisinheritAfterTimeout  tasks.o
    0x0800fb52   0x0800fb52   0x00000006   PAD
    0x0800fb58   0x0800fb58   0x000000f0   Code   RO         2163    .text.vTaskStartScheduler  tasks.o
    0x0800fc48   0x0800fc48   0x00000010   Code   RO         2141    .text.vTaskSuspendAll  tasks.o
    0x0800fc58   0x0800fc58   0x000000bc   Code   RO         2157    .text.vTaskSwitchContext  tasks.o
    0x0800fd14   0x0800fd14   0x00000004   PAD
    0x0800fd18   0x0800fd18   0x00000186   Code   RO         2489    .text.xPortStartScheduler  port.o
    0x0800fe9e   0x0800fe9e   0x00000002   PAD
    0x0800fea0   0x0800fea0   0x0000002e   Code   RO         2505    .text.xPortSysTickHandler  port.o
    0x0800fece   0x0800fece   0x00000002   PAD
    0x0800fed0   0x0800fed0   0x00000070   Code   RO         2010    .text.xQueueCreateMutex  queue.o
    0x0800ff40   0x0800ff40   0x00000086   Code   RO         2008    .text.xQueueGenericCreate  queue.o
    0x0800ffc6   0x0800ffc6   0x00000002   PAD
    0x0800ffc8   0x0800ffc8   0x000000de   Code   RO         2006    .text.xQueueGenericCreateStatic  queue.o
    0x080100a6   0x080100a6   0x00000002   PAD
    0x080100a8   0x080100a8   0x0000023a   Code   RO         2020    .text.xQueueGenericSend  queue.o
    0x080102e2   0x080102e2   0x00000006   PAD
    0x080102e8   0x080102e8   0x00000158   Code   RO         2032    .text.xQueueGenericSendFromISR  queue.o
    0x08010440   0x08010440   0x000000c4   Code   RO         2034    .text.xQueueGiveFromISR  queue.o
    0x08010504   0x08010504   0x00000004   PAD
    0x08010508   0x08010508   0x000001a2   Code   RO         2036    .text.xQueueReceive  queue.o
    0x080106aa   0x080106aa   0x00000006   PAD
    0x080106b0   0x080106b0   0x000001da   Code   RO         2024    .text.xQueueSemaphoreTake  queue.o
    0x0801088a   0x0801088a   0x00000006   PAD
    0x08010890   0x08010890   0x000000a2   Code   RO         2197    .text.xTaskCheckForTimeOut  tasks.o
    0x08010932   0x08010932   0x00000006   PAD
    0x08010938   0x08010938   0x00000060   Code   RO         2135    .text.xTaskCreate   tasks.o
    0x08010998   0x08010998   0x0000007a   Code   RO         2129    .text.xTaskCreateStatic  tasks.o
    0x08010a12   0x08010a12   0x00000006   PAD
    0x08010a18   0x08010a18   0x0000001c   Code   RO         2211    .text.xTaskGetSchedulerState  tasks.o
    0x08010a34   0x08010a34   0x00000004   PAD
    0x08010a38   0x08010a38   0x0000000c   Code   RO         2171    .text.xTaskGetTickCount  tasks.o
    0x08010a44   0x08010a44   0x00000004   PAD
    0x08010a48   0x08010a48   0x00000104   Code   RO         2169    .text.xTaskIncrementTick  tasks.o
    0x08010b4c   0x08010b4c   0x00000004   PAD
    0x08010b50   0x08010b50   0x0000008a   Code   RO         2215    .text.xTaskPriorityDisinherit  tasks.o
    0x08010bda   0x08010bda   0x00000006   PAD
    0x08010be0   0x08010be0   0x00000092   Code   RO         2213    .text.xTaskPriorityInherit  tasks.o
    0x08010c72   0x08010c72   0x00000006   PAD
    0x08010c78   0x08010c78   0x00000074   Code   RO         2189    .text.xTaskRemoveFromEventList  tasks.o
    0x08010cec   0x08010cec   0x00000004   PAD
    0x08010cf0   0x08010cf0   0x000000ee   Code   RO         2143    .text.xTaskResumeAll  tasks.o
    0x08010dde   0x08010dde   0x00000002   PAD
    0x08010de0   0x08010de0   0x000000b4   Code   RO         2248    .text.xTimerCreateTimerTask  timers.o
    0x08010e94   0x08010e94   0x0000003e   Code   RO         3836    CL$$btod_d2e        c_w.l(btod.o)
    0x08010ed2   0x08010ed2   0x00000046   Code   RO         3838    CL$$btod_d2e_denorm_low  c_w.l(btod.o)
    0x08010f18   0x08010f18   0x00000060   Code   RO         3837    CL$$btod_d2e_norm_op1  c_w.l(btod.o)
    0x08010f78   0x08010f78   0x00000338   Code   RO         3846    CL$$btod_div_common  c_w.l(btod.o)
    0x080112b0   0x080112b0   0x000000dc   Code   RO         3843    CL$$btod_e2e        c_w.l(btod.o)
    0x0801138c   0x0801138c   0x0000002a   Code   RO         3840    CL$$btod_ediv       c_w.l(btod.o)
    0x080113b6   0x080113b6   0x0000002a   Code   RO         3839    CL$$btod_emul       c_w.l(btod.o)
    0x080113e0   0x080113e0   0x00000244   Code   RO         3845    CL$$btod_mult_common  c_w.l(btod.o)
    0x08011624   0x08011624   0x00000030   Code   RO         3908    i.__ARM_fpclassify  m_wm.l(fpclassify.o)
    0x08011654   0x08011654   0x000000b0   Code   RO         3422    i.__hardfp_fmodf    m_wm.l(fmodf.o)
    0x08011704   0x08011704   0x00000010   Code   RO         3691    i.__mathlib_flt_invalid  m_wm.l(funder.o)
    0x08011714   0x08011714   0x0000000e   Code   RO         3559    i._is_digit         c_w.l(__printf_wp.o)
    0x08011722   0x08011722   0x00000002   PAD
    0x08011724   0x08011724   0x0000002c   Code   RO         3861    locale$$code        c_w.l(lc_numeric_c.o)
    0x08011750   0x08011750   0x0000002c   Code   RO         3917    locale$$code        c_w.l(lc_ctype_c.o)
    0x0801177c   0x0801177c   0x0000000c   Code   RO         3653    x$fpl$dretinf       fz_wm.l(dretinf.o)
    0x08011788   0x08011788   0x00000056   Code   RO         3365    x$fpl$f2d           fz_wm.l(f2d.o)
    0x080117de   0x080117de   0x00000060   Code   RO         3367    x$fpl$ffltll        fz_wm.l(ffltll_clz.o)
    0x0801183e   0x0801183e   0x0000008c   Code   RO         3655    x$fpl$fnaninf       fz_wm.l(fnaninf.o)
    0x080118ca   0x080118ca   0x0000001a   Code   RO         3789    x$fpl$fpinit        fz_wm.l(fpinit.o)
    0x080118e4   0x080118e4   0x000000f4   Code   RO         3657    x$fpl$frem          fz_wm.l(frem_clz.o)
    0x080119d8   0x080119d8   0x00000004   Code   RO         3659    x$fpl$printf1       fz_wm.l(printf1.o)
    0x080119dc   0x080119dc   0x00000004   Code   RO         3661    x$fpl$printf2       fz_wm.l(printf2.o)
    0x080119e0   0x080119e0   0x00000000   Code   RO         3667    x$fpl$usenofp       fz_wm.l(usenofp.o)
    0x080119e0   0x080119e0   0x00000008   Data   RO         3518    .constdata          c_w.l(_printf_wctomb.o)
    0x080119e8   0x080119e8   0x00000028   Data   RO         3547    .constdata          c_w.l(_printf_hex_int_ll_ptr.o)
    0x08011a10   0x08011a10   0x00000011   Data   RO         3567    .constdata          c_w.l(__printf_flags_ss_wp.o)
    0x08011a21   0x08011a21   0x00000026   Data   RO         3767    .constdata          c_w.l(_printf_fp_hex.o)
    0x08011a47   0x08011a47   0x00000001   PAD
    0x08011a48   0x08011a48   0x00000094   Data   RO         3834    .constdata          c_w.l(bigflt0.o)
    0x08011adc   0x08011adc   0x0000004c   Data   RO         1737    .rodata..L__const.HAL_FDCAN_Init.CvtEltSize  stm32h7xx_hal_fdcan.o
    0x08011b28   0x08011b28   0x00000006   Data   RO         1882    .rodata..Lswitch.table.UART_SetConfig.7  stm32h7xx_hal_uart.o
    0x08011b2e   0x08011b2e   0x00000006   Data   RO         1883    .rodata..Lswitch.table.UART_SetConfig.9  stm32h7xx_hal_uart.o
    0x08011b34   0x08011b34   0x00000010   Data   RO         1939    .rodata.D1CorePrescTable  system_stm32h7xx.o
    0x08011b44   0x08011b44   0x00000018   Data   RO         1881    .rodata.UARTPrescTable  stm32h7xx_hal_uart.o
    0x08011b5c   0x08011b5c   0x00000018   Data   RO         2794    .rodata._ZTV13DJI_MotorDemo  frame_demo.o
    0x08011b74   0x08011b74   0x00000048   Data   RO         2677    .rodata._ZTV5M3508  motor_dji.o
    0x08011bbc   0x08011bbc   0x00000044   Data   RO         2676    .rodata._ZTV9DJI_Group  motor_dji.o
    0x08011c00   0x08011c00   0x00000018   Data   RO         2553    .rodata._ZTVN8fdCANbus6RxTaskE  bsp_fdcan_driver.o
    0x08011c18   0x08011c18   0x00000018   Data   RO         2554    .rodata._ZTVN8fdCANbus9SchedTaskE  bsp_fdcan_driver.o
    0x08011c30   0x08011c30   0x00000010   Data   RO         1738    .rodata.cst16       stm32h7xx_hal_fdcan.o
    0x08011c40   0x08011c40   0x00000010   Data   RO         1924    .rodata.cst8        stm32h7xx_hal_uart_ex.o
    0x08011c50   0x08011c50   0x00000024   Data   RO           41    .rodata.defaultTask_attributes  freertos.o
    0x08011c74   0x08011c74   0x0000000c   Data   RO           40    .rodata.str1.1      freertos.o
    0x08011c80   0x08011c80   0x00000005   Data   RO         2288    .rodata.str1.1      timers.o
    0x08011c85   0x08011c85   0x0000000e   Data   RO         2821    .rodata.str1.1      setup_configinit.o
    0x08011c93   0x08011c93   0x00000001   PAD
    0x08011c94   0x08011c94   0x00000020   Data   RO         3963    Region$$Table       anon$$obj.o
    0x08011cb4   0x08011cb4   0x0000001c   Data   RO         3860    locale$$data        c_w.l(lc_numeric_c.o)
    0x08011cd0   0x08011cd0   0x00000110   Data   RO         3916    locale$$data        c_w.l(lc_ctype_c.o)
    0x08011de0   0x08011de0   0x00000004   Data   RO         2795    .init_array         frame_demo.o
    0x08011de4   0x08011de0   0x00000000   Data   RO         3360    .init_array         c_w.l(init_aeabi.o)


    Execution Region RW_IRAM1 (Exec base: 0x20000000, Load base: 0x08011de4, Size: 0x00000000, Max: 0x00020000, ABSOLUTE)

    **** No section assigned to this execution region ****


    Execution Region RW_IRAM2 (Exec base: 0x24000000, Load base: 0x08011de8, Size: 0x000074f0, Max: 0x00050000, ABSOLUTE, COMPRESSED[0x00000118])

    Exec Addr    Load Addr    Size         Type   Attr      Idx    E Section Name        Object

    0x24000000   COMPRESSED   0x00000008   Data   RW         1332    .data..L_MergedGlobals  stm32h7xx_hal.o
    0x24000008   COMPRESSED   0x00000008   Data   RW         1940    .data..L_MergedGlobals  system_stm32h7xx.o
    0x24000010   COMPRESSED   0x00000038   Data   RW         2796    .data..L_MergedGlobals  frame_demo.o
    0x24000048   COMPRESSED   0x00000020   Data   RW         2958    .data.HS_Desc       usbd_desc.o
    0x24000068   COMPRESSED   0x00000038   Data   RW         3196    .data.USBD_CDC      usbd_cdc.o
    0x240000a0   COMPRESSED   0x00000043   Data   RW         3198    .data.USBD_CDC_CfgDesc  usbd_cdc.o
    0x240000e3   COMPRESSED   0x00000001   PAD
    0x240000e4   COMPRESSED   0x0000000a   Data   RW         3197    .data.USBD_CDC_DeviceQualifierDesc  usbd_cdc.o
    0x240000ee   COMPRESSED   0x00000002   PAD
    0x240000f0   COMPRESSED   0x00000012   Data   RW         2959    .data.USBD_HS_DeviceDesc  usbd_desc.o
    0x24000102   COMPRESSED   0x00000002   PAD
    0x24000104   COMPRESSED   0x00000014   Data   RW         2984    .data.USBD_Interface_fops_HS  usbd_cdc_if.o
    0x24000118   COMPRESSED   0x00000004   Data   RW         2961    .data.USBD_LangIDDesc  usbd_desc.o
    0x2400011c   COMPRESSED   0x0000001a   Data   RW         2962    .data.USBD_StringSerial  usbd_desc.o
    0x24000136   COMPRESSED   0x00000010   Data   RW         2922    .data._ZN6AirJoy10last_validE  module_air_joy.o
    0x24000146   COMPRESSED   0x00000002   PAD
    0x24000148   COMPRESSED   0x0000007c   Data   RW         2820    .data.dji_motor_demo  setup_configinit.o
    0x240001c4   COMPRESSED   0x00000004   Data   RW         2509    .data.uxCriticalNesting  port.o
    0x240001c8        -       0x00000060   Zero   RW         3807    .bss                c_w.l(libspace.o)
    0x24000228        -       0x00000078   Zero   RW         2238    .bss..L_MergedGlobals  tasks.o
    0x240002a0        -       0x0000003c   Zero   RW         2289    .bss..L_MergedGlobals  timers.o
    0x240002dc        -       0x00000020   Zero   RW         2474    .bss..L_MergedGlobals  heap_4.o
    0x240002fc        -       0x00000008   Zero   RW         2510    .bss..L_MergedGlobals  port.o
    0x24000304   COMPRESSED   0x00000004   PAD
    0x24000308        -       0x00000034   Zero   RW         2555    .bss..L_MergedGlobals  bsp_fdcan_driver.o
    0x2400033c   COMPRESSED   0x00000004   PAD
    0x24000340        -       0x00000018   Zero   RW         2588    .bss..L_MergedGlobals  bsp_timestamp.o
    0x24000358        -       0x00000028   Zero   RW         2239    .bss..L_MergedGlobals.1  tasks.o
    0x24000380        -       0x00000068   Zero   RW         2797    .bss..L_MergedGlobals.4  frame_demo.o
    0x240003e8        -       0x00000064   Zero   RW         2790    .bss.CAN1_Bus       frame_demo.o
    0x2400044c        -       0x00000004   Zero   RW           72    .bss.HAL_RCC_FDCAN_CLK_ENABLED  fdcan.o
    0x24000450        -       0x00000004   Zero   RW         2448    .bss.KernelState    cmsis_os2.o
    0x24000454        -       0x00000001   Zero   RW         3135    .bss.USBD_SetConfig.cfgidx  usbd_ctlreq.o
    0x24000455   COMPRESSED   0x00000003   PAD
    0x24000458        -       0x00000200   Zero   RW         2963    .bss.USBD_StrDesc   usbd_desc.o
    0x24000658        -       0x00000220   Zero   RW         3058    .bss.USBD_static_malloc.mem  usbd_conf.o
    0x24000878        -       0x00000800   Zero   RW         2985    .bss.UserRxBufferHS  usbd_cdc_if.o
    0x24001078        -       0x00000800   Zero   RW         2986    .bss.UserTxBufferHS  usbd_cdc_if.o
    0x24001878        -       0x0000000c   Zero   RW         2549    .bss._ZL15g_fdcan_bus_map  bsp_fdcan_driver.o
    0x24001884        -       0x00000100   Zero   RW         2552    .bss._ZZN8fdCANbus17schedulerTaskbodyEvE14frames_to_send  bsp_fdcan_driver.o
    0x24001984        -       0x00000034   Zero   RW         2923    .bss.air_joy        module_air_joy.o
    0x240019b8        -       0x00000004   Zero   RW         2924    .bss.cnt_           module_air_joy.o
    0x240019bc        -       0x00000004   Zero   RW           42    .bss.defaultTaskHandle  freertos.o
    0x240019c0        -       0x000002dc   Zero   RW         2935    .bss.hUsbDeviceHS   usb_device.o
    0x24001c9c        -       0x00000078   Zero   RW          111    .bss.hdma_usart1_tx  usart.o
    0x24001d14        -       0x000000a0   Zero   RW           69    .bss.hfdcan1        fdcan.o
    0x24001db4        -       0x000000a0   Zero   RW           70    .bss.hfdcan2        fdcan.o
    0x24001e54        -       0x000000a0   Zero   RW           71    .bss.hfdcan3        fdcan.o
    0x24001ef4        -       0x000004e4   Zero   RW         3057    .bss.hpcd_USB_OTG_HS  usbd_conf.o
    0x240023d8        -       0x0000004c   Zero   RW           95    .bss.htim14         tim.o
    0x24002424        -       0x0000004c   Zero   RW           93    .bss.htim4          tim.o
    0x24002470        -       0x0000004c   Zero   RW           94    .bss.htim6          tim.o
    0x240024bc        -       0x0000004c   Zero   RW          176    .bss.htim8          stm32h7xx_hal_timebase_tim.o
    0x24002508        -       0x00000094   Zero   RW          110    .bss.huart1         usart.o
    0x2400259c        -       0x00000104   Zero   RW         2791    .bss.m3508_1        frame_demo.o
    0x240026a0        -       0x000000a0   Zero   RW         2287    .bss.prvCheckForValidListAndQueue.ucStaticTimerQueueStorage  timers.o
    0x24002740        -       0x00000050   Zero   RW         2286    .bss.prvCheckForValidListAndQueue.xStaticTimerQueue  timers.o
    0x24002790        -       0x00000460   Zero   RW         2237    .bss.pxReadyTasksLists  tasks.o
    0x24002bf0        -       0x00003c00   Zero   RW         2473    .bss.ucHeap         heap_4.o
    0x240067f0        -       0x00000004   Zero   RW         1331    .bss.uwTick         stm32h7xx_hal.o
    0x240067f4        -       0x00000200   Zero   RW         2450    .bss.vApplicationGetIdleTaskMemory.Idle_Stack  cmsis_os2.o
    0x240069f4        -       0x0000005c   Zero   RW         2449    .bss.vApplicationGetIdleTaskMemory.Idle_TCB  cmsis_os2.o
    0x24006a50        -       0x00000400   Zero   RW         2452    .bss.vApplicationGetTimerTaskMemory.Timer_Stack  cmsis_os2.o
    0x24006e50        -       0x0000005c   Zero   RW         2451    .bss.vApplicationGetTimerTaskMemory.Timer_TCB  cmsis_os2.o
    0x24006eac        -       0x00000040   Zero   RW         2070    .bss.xQueueRegistry  queue.o
    0x24006eec   COMPRESSED   0x00000004   PAD
    0x24006ef0        -       0x00000200   Zero   RW            2    HEAP                startup_stm32h723xx.o
    0x240070f0        -       0x00000400   Zero   RW            1    STACK               startup_stm32h723xx.o


==============================================================================

Image component sizes


      Code (inc. data)   RO Data    RW Data    ZI Data      Debug   Object Name

       928         24          0          0          0      18882   app_pid.o
      1312         20         48          0        320      27728   bsp_fdcan_driver.o
       348          8          0          0         24      17321   bsp_timestamp.o
       394          0          0          0       1724      46781   cmsis_os2.o
        52          0          0          0          0       5386   dma.o
       816          0          0          0        484      12070   fdcan.o
       928         76         28         56        464      28118   frame_demo.o
        48          0         48          0          4       2807   freertos.o
       156          0          0          0          0       5831   gpio.o
       732          0          0          0      15392       5638   heap_4.o
       196          0          0          0          0       2325   list.o
       384          0          0          0          0      23151   main.o
       200          0          0         16         56      15674   module_air_joy.o
       144          4          0          0          0      15499   module_encoder.o
      1476         20        140          0          0      40936   motor_dji.o
      1006         16          0          4          8       4160   port.o
      3036          0          0          0         64      27997   queue.o
        34          0         14        124          0      19916   setup_configinit.o
        72         30        716          0       1536        832   startup_stm32h723xx.o
       178          0          0          8          4      15886   stm32h7xx_hal.o
       308          0          0          0          0      12448   stm32h7xx_hal_cortex.o
      7760         12          0          0          0      17821   stm32h7xx_hal_dma.o
      2902          0         92          0          0      63377   stm32h7xx_hal_fdcan.o
       446          0          0          0          0       6974   stm32h7xx_hal_gpio.o
        42          0          0          0          0       5429   stm32h7xx_hal_msp.o
      3824          0          0          0          0      17290   stm32h7xx_hal_pcd.o
       334          0          0          0          0       6346   stm32h7xx_hal_pcd_ex.o
        94          0          0          0          0       9592   stm32h7xx_hal_pwr_ex.o
      2556         16          0          0          0      11393   stm32h7xx_hal_rcc.o
      3946        138          0          0          0      19902   stm32h7xx_hal_rcc_ex.o
      2884         12          0          0          0      64953   stm32h7xx_hal_tim.o
       224          0          0          0          0      26680   stm32h7xx_hal_tim_ex.o
       156          0          0          0         76       9665   stm32h7xx_hal_timebase_tim.o
      6024        330         36          0          0      43558   stm32h7xx_hal_uart.o
       348          0         16          0          0      11576   stm32h7xx_hal_uart_ex.o
       140          0          0          0          0      12639   stm32h7xx_it.o
      5012          0          0          0          0      35883   stm32h7xx_ll_usb.o
       254          0         16          8          0       5683   system_stm32h7xx.o
      3650          8          0          0       1280      42880   tasks.o
       552          0          0          0        228      11403   tim.o
      1086         20          5          0        300      16132   timers.o
       336          0          0          0        268      11392   usart.o
       108          0          0          0        732       3270   usb_device.o
      1194         12          0        133          0      11898   usbd_cdc.o
        84          0          0         20       4096       4901   usbd_cdc_if.o
       754          0          0          0       1796      22152   usbd_conf.o
       982          0          0          0          0      10929   usbd_core.o
      1730         44          0          0          1      10457   usbd_ctlreq.o
       562         72          0         80        512       4580   usbd_desc.o
       132          0          0          0          0       4721   usbd_ioreq.o

    ----------------------------------------------------------------------
     62206        918       1192        456      29384     872862   Object Totals
         0          0         32          0          0          0   (incl. Generated)
      1342         56          1          7         15          0   (incl. Padding)

    ----------------------------------------------------------------------

      Code (inc. data)   RO Data    RW Data    ZI Data      Debug   Library Member Name

        58          0          0          0          0          0   __dczerorl.o
         8          0          0          0          0         68   __main.o
       392          4         17          0          0         92   __printf_flags_ss_wp.o
        14          0          0          0          0         68   __printf_wp.o
         0          0          0          0          0          0   __rtentry.o
        12          0          0          0          0          0   __rtentry2.o
         6          0          0          0          0          0   __rtentry4.o
        52          8          0          0          0          0   __scatter.o
        28          0          0          0          0          0   __scatter_zi.o
        72          0          0          0          0         96   _c16rtomb.o
         6          0          0          0          0          0   _printf_a.o
         6          0          0          0          0          0   _printf_c.o
        44          0          0          0          0        108   _printf_char.o
        48          6          0          0          0         96   _printf_char_common.o
        40          0          0          0          0         68   _printf_charcount.o
         6          0          0          0          0          0   _printf_d.o
       120         16          0          0          0         92   _printf_dec.o
         6          0          0          0          0          0   _printf_e.o
         6          0          0          0          0          0   _printf_f.o
      1052          0          0          0          0        148   _printf_fp_dec.o
       764          8         38          0          0        100   _printf_fp_hex.o
       128         16          0          0          0         84   _printf_fp_infnan.o
         6          0          0          0          0          0   _printf_g.o
       148          4         40          0          0        160   _printf_hex_int_ll_ptr.o
         6          0          0          0          0          0   _printf_i.o
       178          0          0          0          0         88   _printf_intcommon.o
        10          0          0          0          0          0   _printf_l.o
         6          0          0          0          0          0   _printf_lc.o
        10          0          0          0          0          0   _printf_ll.o
         6          0          0          0          0          0   _printf_lld.o
         6          0          0          0          0          0   _printf_lli.o
         6          0          0          0          0          0   _printf_llo.o
         6          0          0          0          0          0   _printf_llu.o
         6          0          0          0          0          0   _printf_llx.o
       124         16          0          0          0         92   _printf_longlong_dec.o
         6          0          0          0          0          0   _printf_ls.o
         6          0          0          0          0          0   _printf_n.o
         6          0          0          0          0          0   _printf_o.o
       112          8          0          0          0        124   _printf_oct_int_ll.o
         6          0          0          0          0          0   _printf_p.o
        78          0          0          0          0        108   _printf_pad.o
         0          0          0          0          0          0   _printf_percent.o
         4          0          0          0          0          0   _printf_percent_end.o
         6          0          0          0          0          0   _printf_s.o
        82          0          0          0          0         80   _printf_str.o
        36          0          0          0          0         84   _printf_truncate.o
         6          0          0          0          0          0   _printf_u.o
        44          0          0          0          0        108   _printf_wchar.o
       188          6          8          0          0         92   _printf_wctomb.o
         6          0          0          0          0          0   _printf_x.o
        22          0          0          0          0        100   _rserrno.o
        16          0          0          0          0         68   _snputc.o
        22          0          0          0          0         80   abort.o
        46          0          0          0          0         84   aeabi_atexit.o
        16          0          0          0          0         68   aeabi_memset4.o
       228          4        148          0          0         96   bigflt0.o
      1936        128          0          0          0        668   btod.o
        10          0          0          0          0         68   cxa_atexit.o
        66          0          0          0          0         84   cxa_finalize.o
        48         34          0          0          0         76   defsig_abrt_inner.o
        14          0          0          0          0         80   defsig_abrt_outer.o
        10          0          0          0          0         68   defsig_exit.o
        50          0          0          0          0         88   defsig_general.o
        80         58          0          0          0         76   defsig_rtmem_inner.o
        14          0          0          0          0         80   defsig_rtmem_outer.o
        18          0          0          0          0         80   exit.o
        94          0          0          0          0         80   h1_alloc.o
        52          0          0          0          0         68   h1_extend.o
        78          0          0          0          0         80   h1_free.o
        14          0          0          0          0         84   h1_init.o
         6          0          0          0          0        152   heapauxi.o
         4          0          0          0          0        136   hguard.o
         0          0          0          0          0          0   indicate_semi.o
        36          8          0          0          0         80   init_aeabi.o
       138          0          0          0          0        168   init_alloc.o
        44         10        272          0          0         76   lc_ctype_c.o
        44         10         28          0          0         76   lc_numeric_c.o
         2          0          0          0          0          0   libinit.o
        46          0          0          0          0          0   libinit2.o
         2          0          0          0          0          0   libshutdown.o
         8          0          0          0          0          0   libshutdown2.o
         8          4          0          0         96         68   libspace.o
       138          0          0          0          0         80   lludiv10.o
       240          0          0          0          0        100   lludivv7m.o
         0          0          0          0          0          0   maybetermalloc1.o
        16          4          0          0          0         76   rt_ctype_table.o
         8          4          0          0          0         68   rt_ddtor_pointer_addr_intlibspace.o
         8          4          0          0          0         68   rt_errno_addr_intlibspace.o
         8          4          0          0          0         68   rt_heap_descriptor_intlibspace.o
         8          4          0          0          0         68   rt_locale_intlibspace.o
        78          0          0          0          0         80   rt_memclr_w.o
       138          0          0          0          0         68   rt_memcpy_v6.o
       100          0          0          0          0         80   rt_memcpy_w.o
         2          0          0          0          0          0   rtexit.o
        10          0          0          0          0          0   rtexit2.o
       124          0          0          0          0         88   strcmpv7m_pel.o
        62          0          0          0          0         76   strlen.o
        12          4          0          0          0         68   sys_exit.o
        74          0          0          0          0         80   sys_stackheap_outer.o
        14          0          0          0          0         76   sys_wrch.o
         2          0          0          0          0         68   use_no_semi.o
        60          4          0          0          0         80   vsnprintf.o
        12          0          0          0          0        116   dretinf.o
        86          4          0          0          0        132   f2d.o
        96          0          0          0          0        132   ffltll_clz.o
       140          4          0          0          0        132   fnaninf.o
        26          0          0          0          0        116   fpinit.o
       244          8          0          0          0        132   frem_clz.o
         4          0          0          0          0        116   printf1.o
         4          0          0          0          0        116   printf2.o
         0          0          0          0          0          0   usenofp.o
         8          0          0          0          0        380   new.cpp.o
         4          0          0          0          0         36   abort_message.cpp.o
       104         56          0          0          0         76   cxa_guard.cpp.o
       176          0          0          0          0        168   fmodf.o
        48          0          0          0          0        124   fpclassify.o
        16          6          0          0          0        116   funder.o

    ----------------------------------------------------------------------
      9238        454        552          0         96       8072   Library Totals
        24          0          1          0          0          0   (incl. Padding)

    ----------------------------------------------------------------------

      Code (inc. data)   RO Data    RW Data    ZI Data      Debug   Library Name

      8246        376        551          0         96       6180   c_w.l
       612         16          0          0          0        992   fz_wm.l
         8          0          0          0          0        380   libcpp_w.l
       108         56          0          0          0        112   libcppabi_w.l
       240          6          0          0          0        408   m_wm.l

    ----------------------------------------------------------------------
      9238        454        552          0         96       8072   Library Totals

    ----------------------------------------------------------------------

==============================================================================


      Code (inc. data)   RO Data    RW Data    ZI Data      Debug   

     71444       1372       1744        456      29480     875478   Grand Totals
     71444       1372       1744        280      29480     875478   ELF Image Totals (compressed)
     71444       1372       1744        280          0          0   ROM Totals

==============================================================================

    Total RO  Size (Code + RO Data)                73188 (  71.47kB)
    Total RW  Size (RW Data + ZI Data)             29936 (  29.23kB)
    Total ROM Size (Code + RO Data + RW Data)      73468 (  71.75kB)

==============================================================================

